dhcp.c:166:1:dhcp_handle_nak	24	static
dhcp.c:194:1:dhcp_check	24	static
dhcp.c:221:1:dhcp_handle_offer	24	static
dhcp.c:248:1:dhcp_select	32	static
dhcp.c:315:1:dhcp_coarse_tmr	16	static
dhcp.c:348:1:dhcp_fine_tmr	16	static
dhcp.c:381:1:dhcp_timeout	24	static
dhcp.c:444:1:dhcp_t1_timeout	24	static
dhcp.c:462:1:dhcp_t2_timeout	24	static
dhcp.c:479:1:dhcp_handle_ack	40	static
dhcp.c:583:1:dhcp_start	24	static
dhcp.c:664:1:dhcp_inform	40	static
dhcp.c:722:1:dhcp_network_changed	24	static
dhcp.c:753:6:dhcp_arp_reply	16	static
dhcp.c:781:1:dhcp_decline	32	static
dhcp.c:824:1:dhcp_discover	32	static
dhcp.c:881:1:dhcp_bind	40	static
dhcp.c:969:1:dhcp_renew	32	static
dhcp.c:1035:1:dhcp_rebind	32	static
dhcp.c:1098:1:dhcp_reboot	32	static
dhcp.c:1144:1:dhcp_release	32	static
dhcp.c:1197:1:dhcp_stop	24	static
dhcp.c:1233:1:dhcp_set_state	16	static
dhcp.c:1247:1:dhcp_option	16	static
dhcp.c:1258:1:dhcp_option_byte	16	static
dhcp.c:1265:1:dhcp_option_short	16	static
dhcp.c:1273:1:dhcp_option_long	16	static
dhcp.c:1293:1:dhcp_unfold_reply	24	static
dhcp.c:1343:13:dhcp_free_reply	16	static
dhcp.c:1360:13:dhcp_recv	48	static
dhcp.c:1469:1:dhcp_create_request	32	static
dhcp.c:1551:1:dhcp_delete_request	24	static
dhcp.c:1575:1:dhcp_option_trailer	16	static
dhcp.c:1599:14:dhcp_get_option_ptr	32	static
dhcp.c:1677:1:dhcp_get_option_byte	16	static
dhcp.c:1711:14:dhcp_get_option_long	24	static
