tcp.c:100:1:tcp_tmr	8	static
tcp.c:127:1:tcp_close	24	static
tcp.c:213:1:tcp_abandon	56	static
tcp.c:276:1:tcp_bind	32	static
tcp.c:341:1:tcp_accept_null	24	static
tcp.c:366:1:tcp_listen_with_backlog	24	static
tcp.c:408:7:tcp_update_rcv_ann_wnd	24	static
tcp.c:438:1:tcp_recved	24	static
tcp.c:469:1:tcp_new_port	16	static
tcp.c:514:1:tcp_connect	40	static
tcp.c:577:1:tcp_slowtmr	48	static
tcp.c:817:1:tcp_fasttmr	24	static
tcp.c:849:1:tcp_segs_free	24	static
tcp.c:868:1:tcp_seg_free	24	static
tcp.c:891:1:tcp_setprio	16	static
tcp.c:925:1:tcp_recv_null	24	static
tcp.c:944:1:tcp_kill_prio	32	static
tcp.c:977:1:tcp_kill_timewait	24	static
tcp.c:1005:1:tcp_alloc	24	static
tcp.c:1089:1:tcp_new	8	static
tcp.c:1102:1:tcp_arg	16	static
tcp.c:1116:1:tcp_recv	16	static
tcp.c:1130:1:tcp_sent	16	static
tcp.c:1145:1:tcp_err	16	static
tcp.c:1160:1:tcp_accept	16	static
tcp.c:1175:1:tcp_poll	24	static
tcp.c:1191:1:tcp_pcb_purge	16	static
tcp.c:1256:1:tcp_pcb_remove	16	static
tcp.c:1289:1:tcp_next_iss	4	static
tcp.c:1304:1:tcp_eff_send_mss	24	static
tcp.c:1324:1:tcp_debug_state_str	16	static
tcp.c:1336:1:tcp_debug_print	16	static
tcp.c:1372:1:tcp_debug_print_state	16	static
tcp.c:1383:1:tcp_debug_print_flags	16	static
tcp.c:1416:1:tcp_debug_print_pcbs	16	static
tcp.c:1446:1:tcp_pcbs_sane	16	static
