Archive member included to satisfy reference by file (symbol)

c:/program files (x86)/atollic/truestudio for stm32 9.3.0/armtools/bin/../lib/gcc/arm-atollic-eabi/6.3.1/../../../../arm-atollic-eabi/lib/armv7e-m/fpu\libc_nano.a(lib_a-memcmp.o)
                              lwip\core\ipv4\autoip.o (memcmp)
c:/program files (x86)/atollic/truestudio for stm32 9.3.0/armtools/bin/../lib/gcc/arm-atollic-eabi/6.3.1/../../../../arm-atollic-eabi/lib/armv7e-m/fpu\libc_nano.a(lib_a-memcpy-stub.o)
                              FreeRTOS\queue.o (memcpy)
c:/program files (x86)/atollic/truestudio for stm32 9.3.0/armtools/bin/../lib/gcc/arm-atollic-eabi/6.3.1/../../../../arm-atollic-eabi/lib/armv7e-m/fpu\libc_nano.a(lib_a-memset.o)
                              lwip\apps\http\httpd.o (memset)
c:/program files (x86)/atollic/truestudio for stm32 9.3.0/armtools/bin/../lib/gcc/arm-atollic-eabi/6.3.1/../../../../arm-atollic-eabi/lib/armv7e-m/fpu\libc_nano.a(lib_a-strchr.o)
                              lwip\apps\http\httpd.o (strchr)
c:/program files (x86)/atollic/truestudio for stm32 9.3.0/armtools/bin/../lib/gcc/arm-atollic-eabi/6.3.1/../../../../arm-atollic-eabi/lib/armv7e-m/fpu\libc_nano.a(lib_a-strcmp.o)
                              lwip\apps\http\fs.o (strcmp)
c:/program files (x86)/atollic/truestudio for stm32 9.3.0/armtools/bin/../lib/gcc/arm-atollic-eabi/6.3.1/../../../../arm-atollic-eabi/lib/armv7e-m/fpu\libc_nano.a(lib_a-strcpy.o)
                              src\udp_echoserver.o (strcpy)
c:/program files (x86)/atollic/truestudio for stm32 9.3.0/armtools/bin/../lib/gcc/arm-atollic-eabi/6.3.1/../../../../arm-atollic-eabi/lib/armv7e-m/fpu\libc_nano.a(lib_a-strlen.o)
                              lwip\apps\http\httpd.o (strlen)
c:/program files (x86)/atollic/truestudio for stm32 9.3.0/armtools/bin/../lib/gcc/arm-atollic-eabi/6.3.1/../../../../arm-atollic-eabi/lib/armv7e-m/fpu\libc_nano.a(lib_a-strncmp.o)
                              lwip\apps\http\httpd.o (strncmp)
c:/program files (x86)/atollic/truestudio for stm32 9.3.0/armtools/bin/../lib/gcc/arm-atollic-eabi/6.3.1/../../../../arm-atollic-eabi/lib/armv7e-m/fpu\libc_nano.a(lib_a-strstr.o)
                              lwip\apps\http\httpd.o (strstr)
c:/program files (x86)/atollic/truestudio for stm32 9.3.0/armtools/bin/../lib/gcc/arm-atollic-eabi/6.3.1/armv7e-m/fpu\libgcc.a(_arm_addsubdf3.o)
                              lwip\apps\http\httpd_cgi_ssi.o (__aeabi_ui2d)
c:/program files (x86)/atollic/truestudio for stm32 9.3.0/armtools/bin/../lib/gcc/arm-atollic-eabi/6.3.1/armv7e-m/fpu\libgcc.a(_arm_muldivdf3.o)
                              lwip\apps\http\httpd_cgi_ssi.o (__aeabi_dmul)
c:/program files (x86)/atollic/truestudio for stm32 9.3.0/armtools/bin/../lib/gcc/arm-atollic-eabi/6.3.1/armv7e-m/fpu\libgcc.a(_arm_fixunsdfsi.o)
                              lwip\apps\http\httpd_cgi_ssi.o (__aeabi_d2uiz)

Allocating common symbols
Common symbol       size              file

netif               0x38              lwip\netconf.o
netif_list          0x4               lwip\core\netif.o
RX_Frame_Descriptor
                    0xc               STM32F4x7_ETH_Driver\src\stm32f4x7_eth.o
ADC_Page_SSI_Handler
                    0x4               lwip\apps\http\httpd_cgi_ssi.o
tcp_active_pcbs     0x4               lwip\core\tcp.o
udp_pcbs            0x4               lwip\core\udp.o
current_netif       0x4               lwip\core\ipv4\ip.o
tcp_ticks           0x4               lwip\core\tcp.o
tcp_listen_pcbs     0x4               lwip\core\tcp.o
DMARxDescToGet      0x4               STM32F4x7_ETH_Driver\src\stm32f4x7_eth.o
xQueueRegistry      0x40              FreeRTOS\queue.o
DMATxDescToSet      0x4               STM32F4x7_ETH_Driver\src\stm32f4x7_eth.o
tcp_tmp_pcb         0x4               lwip\core\tcp.o
tcp_input_pcb       0x4               lwip\core\tcp_in.o
DMATxDscrTab        0x40              STM32F4x7_ETH_Driver\src\stm32f4x7_eth.o
current_header      0x4               lwip\core\ipv4\ip.o
Rx_Buff             0x17d0            STM32F4x7_ETH_Driver\src\stm32f4x7_eth.o
tcp_bound_pcbs      0x4               lwip\core\tcp.o
Frame_Rx_index      0x4               STM32F4x7_ETH_Driver\src\stm32f4x7_eth.o
fs_memory           0xf0              lwip\apps\http\fs.o
DMA_RX_FRAME_infos  0x4               STM32F4x7_ETH_Driver\src\stm32f4x7_eth.o
DMARxDscrTab        0x80              STM32F4x7_ETH_Driver\src\stm32f4x7_eth.o
tcp_tw_pcbs         0x4               lwip\core\tcp.o
netif_default       0x4               lwip\core\netif.o
NVIC_InitStructure  0x4               src\stm32f4_discovery.o
RCC_Clocks          0x10              src\main.o
client_upcb         0x4               src\udp_echoserver.o
timingdelay         0x4               src\main.o
CGI_TAB             0x8               lwip\apps\http\httpd_cgi_ssi.o
Tx_Buff             0xbe8             STM32F4x7_ETH_Driver\src\stm32f4x7_eth.o

Discarded input sections

[...]
Memory Configuration

Name             Origin             Length             Attributes
FLASH            0x08000000         0x00100000         xr
RAM              0x20000000         0x00020000         xrw
MEMORY_B1        0x60000000         0x00000000         xr
CCMRAM           0x10000000         0x00010000         rw
*default*        0x00000000         0xffffffff

Linker script and memory map

LOAD c:/program files (x86)/atollic/truestudio for stm32 9.3.0/armtools/bin/../lib/gcc/arm-atollic-eabi/6.3.1/armv7e-m/fpu/crti.o
LOAD c:/program files (x86)/atollic/truestudio for stm32 9.3.0/armtools/bin/../lib/gcc/arm-atollic-eabi/6.3.1/armv7e-m/fpu/crtbegin.o
LOAD FreeRTOS\croutine.o
LOAD FreeRTOS\event_groups.o
LOAD FreeRTOS\list.o
LOAD FreeRTOS\portable\GCC\ARM_CM4F\port.o
LOAD FreeRTOS\portable\MemMang\heap_1.o
LOAD FreeRTOS\queue.o
LOAD FreeRTOS\tasks.o
LOAD FreeRTOS\timers.o
LOAD STM32F4x7_ETH_Driver\src\stm32f4x7_eth.o
LOAD STM32F4x7_ETH_Driver\src\stm32f4x7_eth_bsp.o
LOAD cmsis_boot\system_stm32f4xx.o
LOAD cmsis_lib\source\misc.o
LOAD cmsis_lib\source\stm32f4xx_adc.o
LOAD cmsis_lib\source\stm32f4xx_dac.o
LOAD cmsis_lib\source\stm32f4xx_exti.o
LOAD cmsis_lib\source\stm32f4xx_gpio.o
LOAD cmsis_lib\source\stm32f4xx_rcc.o
LOAD cmsis_lib\source\stm32f4xx_syscfg.o
LOAD cmsis_lib\source\stm32f4xx_usart.o
LOAD lwip\api\api_lib.o
LOAD lwip\api\api_msg.o
LOAD lwip\api\err.o
LOAD lwip\api\netbuf.o
LOAD lwip\api\netdb.o
LOAD lwip\api\netifapi.o
LOAD lwip\api\sockets.o
LOAD lwip\api\tcpip.o
LOAD lwip\apps\http\fs.o
LOAD lwip\apps\http\httpd.o
LOAD lwip\apps\http\httpd_cgi_ssi.o
LOAD lwip\core\dhcp.o
LOAD lwip\core\dns.o
LOAD lwip\core\init.o
LOAD lwip\core\ipv4\autoip.o
LOAD lwip\core\ipv4\icmp.o
LOAD lwip\core\ipv4\igmp.o
LOAD lwip\core\ipv4\inet.o
LOAD lwip\core\ipv4\inet_chksum.o
LOAD lwip\core\ipv4\ip.o
LOAD lwip\core\ipv4\ip_addr.o
LOAD lwip\core\ipv4\ip_frag.o
LOAD lwip\core\mem.o
LOAD lwip\core\memp.o
LOAD lwip\core\netif.o
LOAD lwip\core\pbuf.o
LOAD lwip\core\raw.o
LOAD lwip\core\snmp\asn1_dec.o
LOAD lwip\core\snmp\asn1_enc.o
LOAD lwip\core\snmp\mib2.o
LOAD lwip\core\snmp\mib_structs.o
LOAD lwip\core\snmp\msg_in.o
LOAD lwip\core\snmp\msg_out.o
LOAD lwip\core\stats.o
LOAD lwip\core\sys.o
LOAD lwip\core\tcp.o
LOAD lwip\core\tcp_in.o
LOAD lwip\core\tcp_out.o
LOAD lwip\core\udp.o
LOAD lwip\ethernetif.o
LOAD lwip\netconf.o
LOAD lwip\netif\etharp.o
LOAD lwip\netif\loopif.o
LOAD lwip\netif\ppp\auth.o
LOAD lwip\netif\ppp\chap.o
LOAD lwip\netif\ppp\chpms.o
LOAD lwip\netif\ppp\fsm.o
LOAD lwip\netif\ppp\ipcp.o
LOAD lwip\netif\ppp\lcp.o
LOAD lwip\netif\ppp\magic.o
LOAD lwip\netif\ppp\md5.o
LOAD lwip\netif\ppp\pap.o
LOAD lwip\netif\ppp\ppp.o
LOAD lwip\netif\ppp\ppp_oe.o
LOAD lwip\netif\ppp\randm.o
LOAD lwip\netif\ppp\vj.o
LOAD lwip\netif\slipif.o
LOAD src\main.o
LOAD src\serial_debug.o
LOAD src\stm32f4_discovery.o
LOAD src\stm32f4xx_it.o
LOAD src\tiny_printf.o
LOAD src\udp_echoserver.o
LOAD startup\startup_stm32f4xx.o
LOAD syscalls\syscalls.o
                0x00000080                malloc_getpagesize_P = 0x80
START GROUP
LOAD c:/program files (x86)/atollic/truestudio for stm32 9.3.0/armtools/bin/../lib/gcc/arm-atollic-eabi/6.3.1/../../../../arm-atollic-eabi/lib/armv7e-m/fpu\libc_nano.a
LOAD c:/program files (x86)/atollic/truestudio for stm32 9.3.0/armtools/bin/../lib/gcc/arm-atollic-eabi/6.3.1/../../../../arm-atollic-eabi/lib/armv7e-m/fpu\libm.a
END GROUP
START GROUP
LOAD c:/program files (x86)/atollic/truestudio for stm32 9.3.0/armtools/bin/../lib/gcc/arm-atollic-eabi/6.3.1/armv7e-m/fpu\libgcc.a
LOAD c:/program files (x86)/atollic/truestudio for stm32 9.3.0/armtools/bin/../lib/gcc/arm-atollic-eabi/6.3.1/../../../../arm-atollic-eabi/lib/armv7e-m/fpu\libc_nano.a
END GROUP
START GROUP
LOAD c:/program files (x86)/atollic/truestudio for stm32 9.3.0/armtools/bin/../lib/gcc/arm-atollic-eabi/6.3.1/armv7e-m/fpu\libgcc.a
LOAD c:/program files (x86)/atollic/truestudio for stm32 9.3.0/armtools/bin/../lib/gcc/arm-atollic-eabi/6.3.1/../../../../arm-atollic-eabi/lib/armv7e-m/fpu\libc_nano.a
LOAD c:/program files (x86)/atollic/truestudio for stm32 9.3.0/armtools/bin/../lib/gcc/arm-atollic-eabi/6.3.1/../../../../arm-atollic-eabi/lib/armv7e-m/fpu\libnosys.a
END GROUP
START GROUP
LOAD c:/program files (x86)/atollic/truestudio for stm32 9.3.0/armtools/bin/../lib/gcc/arm-atollic-eabi/6.3.1/armv7e-m/fpu\libgcc.a
LOAD c:/program files (x86)/atollic/truestudio for stm32 9.3.0/armtools/bin/../lib/gcc/arm-atollic-eabi/6.3.1/../../../../arm-atollic-eabi/lib/armv7e-m/fpu\libc_nano.a
LOAD c:/program files (x86)/atollic/truestudio for stm32 9.3.0/armtools/bin/../lib/gcc/arm-atollic-eabi/6.3.1/../../../../arm-atollic-eabi/lib/armv7e-m/fpu\libnosys.a
END GROUP
LOAD c:/program files (x86)/atollic/truestudio for stm32 9.3.0/armtools/bin/../lib/gcc/arm-atollic-eabi/6.3.1/armv7e-m/fpu/crtend.o
LOAD c:/program files (x86)/atollic/truestudio for stm32 9.3.0/armtools/bin/../lib/gcc/arm-atollic-eabi/6.3.1/armv7e-m/fpu/crtn.o
                0x20020000                _estack = 0x20020000
                0x00000000                _Min_Heap_Size = 0x0
                0x00000400                _Min_Stack_Size = 0x400

.isr_vector     0x08000000      0x188
                0x08000000                . = ALIGN (0x4)
 *(.isr_vector)
 .isr_vector    0x08000000      0x188 startup\startup_stm32f4xx.o
                0x08000000                g_pfnVectors
                0x08000188                . = ALIGN (0x4)

.text           0x08000190     0xe59c
                0x08000190                . = ALIGN (0x4)
 *(.text)
 .text          0x08000190       0x40 c:/program files (x86)/atollic/truestudio for stm32 9.3.0/armtools/bin/../lib/gcc/arm-atollic-eabi/6.3.1/armv7e-m/fpu/crtbegin.o
 .text          0x080001d0       0x14 c:/program files (x86)/atollic/truestudio for stm32 9.3.0/armtools/bin/../lib/gcc/arm-atollic-eabi/6.3.1/../../../../arm-atollic-eabi/lib/armv7e-m/fpu\libc_nano.a(lib_a-strcmp.o)
                0x080001d0                strcmp
 .text          0x080001e4       0x10 c:/program files (x86)/atollic/truestudio for stm32 9.3.0/armtools/bin/../lib/gcc/arm-atollic-eabi/6.3.1/../../../../arm-atollic-eabi/lib/armv7e-m/fpu\libc_nano.a(lib_a-strlen.o)
                0x080001e4                strlen
 .text          0x080001f4      0x370 c:/program files (x86)/atollic/truestudio for stm32 9.3.0/armtools/bin/../lib/gcc/arm-atollic-eabi/6.3.1/armv7e-m/fpu\libgcc.a(_arm_addsubdf3.o)
                0x080001f4                __aeabi_drsub
                0x080001fc                __aeabi_dsub
                0x080001fc                __subdf3
                0x08000200                __aeabi_dadd
                0x08000200                __adddf3
                0x08000478                __floatunsidf
                0x08000478                __aeabi_ui2d
                0x08000498                __floatsidf
                0x08000498                __aeabi_i2d
                0x080004bc                __aeabi_f2d
                0x080004bc                __extendsfdf2
                0x080004f8                __floatundidf
                0x080004f8                __aeabi_ul2d
                0x08000508                __floatdidf
                0x08000508                __aeabi_l2d
 .text          0x08000564      0x424 c:/program files (x86)/atollic/truestudio for stm32 9.3.0/armtools/bin/../lib/gcc/arm-atollic-eabi/6.3.1/armv7e-m/fpu\libgcc.a(_arm_muldivdf3.o)
                0x08000564                __aeabi_dmul
                0x08000564                __muldf3
                0x080007b8                __divdf3
                0x080007b8                __aeabi_ddiv
 .text          0x08000988       0x40 c:/program files (x86)/atollic/truestudio for stm32 9.3.0/armtools/bin/../lib/gcc/arm-atollic-eabi/6.3.1/armv7e-m/fpu\libgcc.a(_arm_fixunsdfsi.o)
                0x08000988                __aeabi_d2uiz
                0x08000988                __fixunsdfsi
 *(.text*)
 .text.vListInitialise
                0x080009c8       0x40 FreeRTOS\list.o
                0x080009c8                vListInitialise
 .text.vListInitialiseItem
                0x08000a08       0x1a FreeRTOS\list.o
                0x08000a08                vListInitialiseItem
 .text.vListInsertEnd
                0x08000a22       0x48 FreeRTOS\list.o
                0x08000a22                vListInsertEnd
 .text.vListInsert
                0x08000a6a       0x72 FreeRTOS\list.o
                0x08000a6a                vListInsert
 .text.uxListRemove
                0x08000adc       0x54 FreeRTOS\list.o
                0x08000adc                uxListRemove
 .text.pxPortInitialiseStack
                0x08000b30       0x68 FreeRTOS\portable\GCC\ARM_CM4F\port.o
                0x08000b30                pxPortInitialiseStack
 .text.prvTaskExitError
                0x08000b98       0x3c FreeRTOS\portable\GCC\ARM_CM4F\port.o
 *fill*         0x08000bd4        0xc 
 .text.SVC_Handler
                0x08000be0       0x28 FreeRTOS\portable\GCC\ARM_CM4F\port.o
                0x08000be0                SVC_Handler
 .text.prvPortStartFirstTask
                0x08000c08       0x20 FreeRTOS\portable\GCC\ARM_CM4F\port.o
 .text.xPortStartScheduler
                0x08000c28      0x118 FreeRTOS\portable\GCC\ARM_CM4F\port.o
                0x08000c28                xPortStartScheduler
 .text.vPortEnterCritical
                0x08000d40       0x5c FreeRTOS\portable\GCC\ARM_CM4F\port.o
                0x08000d40                vPortEnterCritical
 .text.vPortExitCritical
                0x08000d9c       0x50 FreeRTOS\portable\GCC\ARM_CM4F\port.o
                0x08000d9c                vPortExitCritical
 *fill*         0x08000dec        0x4 
 .text.PendSV_Handler
                0x08000df0       0x68 FreeRTOS\portable\GCC\ARM_CM4F\port.o
                0x08000df0                PendSV_Handler
 .text.SysTick_Handler
                0x08000e58       0x60 FreeRTOS\portable\GCC\ARM_CM4F\port.o
                0x08000e58                SysTick_Handler
 .text.vPortSetupTimerInterrupt
                0x08000eb8       0x38 FreeRTOS\portable\GCC\ARM_CM4F\port.o
                0x08000eb8                vPortSetupTimerInterrupt
 .text.vPortEnableVFP
                0x08000ef0       0x14 FreeRTOS\portable\GCC\ARM_CM4F\port.o
 .text.vPortValidateInterruptPriority
                0x08000f04       0x7c FreeRTOS\portable\GCC\ARM_CM4F\port.o
                0x08000f04                vPortValidateInterruptPriority
 .text.pvPortMalloc
                0x08000f80       0x8c FreeRTOS\portable\MemMang\heap_1.o
                0x08000f80                pvPortMalloc
 .text.vPortFree
                0x0800100c       0x2e FreeRTOS\portable\MemMang\heap_1.o
                0x0800100c                vPortFree
 *fill*         0x0800103a        0x2 
 .text.xQueueGenericReset
                0x0800103c       0xd0 FreeRTOS\queue.o
                0x0800103c                xQueueGenericReset
 .text.xQueueGenericCreate
                0x0800110c       0x72 FreeRTOS\queue.o
                0x0800110c                xQueueGenericCreate
 .text.prvInitialiseNewQueue
                0x0800117e       0x3e FreeRTOS\queue.o
 .text.xQueueGenericSend
                0x080011bc      0x1f4 FreeRTOS\queue.o
                0x080011bc                xQueueGenericSend
 .text.xQueueGenericSendFromISR
                0x080013b0      0x128 FreeRTOS\queue.o
                0x080013b0                xQueueGenericSendFromISR
 .text.xQueueGenericReceive
                0x080014d8      0x224 FreeRTOS\queue.o
                0x080014d8                xQueueGenericReceive
 .text.prvCopyDataToQueue
                0x080016fc       0xd4 FreeRTOS\queue.o
 .text.prvCopyDataFromQueue
                0x080017d0       0x4c FreeRTOS\queue.o
 .text.prvUnlockQueue
                0x0800181c       0xa4 FreeRTOS\queue.o
 .text.prvIsQueueEmpty
                0x080018c0       0x2c FreeRTOS\queue.o
 .text.prvIsQueueFull
                0x080018ec       0x30 FreeRTOS\queue.o
 .text.vQueueAddToRegistry
                0x0800191c       0x50 FreeRTOS\queue.o
                0x0800191c                vQueueAddToRegistry
 .text.vQueueWaitForMessageRestricted
                0x0800196c       0x68 FreeRTOS\queue.o
                0x0800196c                vQueueWaitForMessageRestricted
 .text.xTaskCreate
                0x080019d4       0x82 FreeRTOS\tasks.o
                0x080019d4                xTaskCreate
 .text.prvInitialiseNewTask
                0x08001a56       0xfc FreeRTOS\tasks.o
 *fill*         0x08001b52        0x2 
 .text.prvAddNewTaskToReadyList
                0x08001b54       0xd4 FreeRTOS\tasks.o
 .text.vTaskDelay
                0x08001c28       0x68 FreeRTOS\tasks.o
                0x08001c28                vTaskDelay
 .text.vTaskStartScheduler
                0x08001c90       0x98 FreeRTOS\tasks.o
                0x08001c90                vTaskStartScheduler
 .text.vTaskSuspendAll
                0x08001d28       0x1c FreeRTOS\tasks.o
                0x08001d28                vTaskSuspendAll
 .text.xTaskResumeAll
                0x08001d44      0x138 FreeRTOS\tasks.o
                0x08001d44                xTaskResumeAll
 .text.xTaskGetTickCount
                0x08001e7c       0x20 FreeRTOS\tasks.o
                0x08001e7c                xTaskGetTickCount
 .text.xTaskIncrementTick
                0x08001e9c      0x188 FreeRTOS\tasks.o
                0x08001e9c                xTaskIncrementTick
 .text.vTaskSwitchContext
                0x08002024       0xb4 FreeRTOS\tasks.o
                0x08002024                vTaskSwitchContext
 .text.vTaskPlaceOnEventList
                0x080020d8       0x48 FreeRTOS\tasks.o
                0x080020d8                vTaskPlaceOnEventList
 .text.vTaskPlaceOnEventListRestricted
                0x08002120       0x54 FreeRTOS\tasks.o
                0x08002120                vTaskPlaceOnEventListRestricted
 .text.xTaskRemoveFromEventList
                0x08002174       0xc4 FreeRTOS\tasks.o
                0x08002174                xTaskRemoveFromEventList
 .text.vTaskSetTimeOutState
                0x08002238       0x48 FreeRTOS\tasks.o
                0x08002238                vTaskSetTimeOutState
 .text.xTaskCheckForTimeOut
                0x08002280       0xbc FreeRTOS\tasks.o
                0x08002280                xTaskCheckForTimeOut
 .text.vTaskMissedYield
                0x0800233c       0x18 FreeRTOS\tasks.o
                0x0800233c                vTaskMissedYield
 .text.prvIdleTask
                0x08002354       0x30 FreeRTOS\tasks.o
 .text.prvInitialiseTaskLists
                0x08002384       0x80 FreeRTOS\tasks.o
 .text.prvCheckTasksWaitingTermination
                0x08002404       0x78 FreeRTOS\tasks.o
 .text.prvDeleteTCB
                0x0800247c       0x20 FreeRTOS\tasks.o
 .text.prvResetNextTaskUnblockTime
                0x0800249c       0x4c FreeRTOS\tasks.o
 .text.xTaskGetSchedulerState
                0x080024e8       0x3c FreeRTOS\tasks.o
                0x080024e8                xTaskGetSchedulerState
 .text.vTaskPriorityInherit
                0x08002524       0xec FreeRTOS\tasks.o
                0x08002524                vTaskPriorityInherit
 .text.xTaskPriorityDisinherit
                0x08002610      0x108 FreeRTOS\tasks.o
                0x08002610                xTaskPriorityDisinherit
 .text.pvTaskIncrementMutexHeldCount
                0x08002718       0x28 FreeRTOS\tasks.o
                0x08002718                pvTaskIncrementMutexHeldCount
 .text.prvAddCurrentTaskToDelayedList
                0x08002740       0xcc FreeRTOS\tasks.o
 .text.xTimerCreateTimerTask
                0x0800280c       0x64 FreeRTOS\timers.o
                0x0800280c                xTimerCreateTimerTask
 .text.xTimerGenericCommand
                0x08002870       0x98 FreeRTOS\timers.o
                0x08002870                xTimerGenericCommand
 .text.prvProcessExpiredTimer
                0x08002908       0x80 FreeRTOS\timers.o
 .text.prvTimerTask
                0x08002988       0x24 FreeRTOS\timers.o
 .text.prvProcessTimerOrBlockTask
                0x080029ac       0x9c FreeRTOS\timers.o
 .text.prvGetNextExpireTime
                0x08002a48       0x48 FreeRTOS\timers.o
 .text.prvSampleTimeNow
                0x08002a90       0x40 FreeRTOS\timers.o
 .text.prvInsertTimerInActiveList
                0x08002ad0       0x84 FreeRTOS\timers.o
 .text.prvProcessReceivedCommands
                0x08002b54      0x124 FreeRTOS\timers.o
 .text.prvSwitchTimerLists
                0x08002c78       0xc0 FreeRTOS\timers.o
 .text.prvCheckForValidListAndQueue
                0x08002d38       0x6c FreeRTOS\timers.o
 .text.ETH_Delay
                0x08002da4       0x2a STM32F4x7_ETH_Driver\src\stm32f4x7_eth.o
 .text.ETH_DeInit
                0x08002dce       0x1c STM32F4x7_ETH_Driver\src\stm32f4x7_eth.o
                0x08002dce                ETH_DeInit
 .text.ETH_StructInit
                0x08002dea      0x15e STM32F4x7_ETH_Driver\src\stm32f4x7_eth.o
                0x08002dea                ETH_StructInit
 .text.ETH_Init
                0x08002f48      0x3b4 STM32F4x7_ETH_Driver\src\stm32f4x7_eth.o
                0x08002f48                ETH_Init
 .text.ETH_Start
                0x080032fc       0x24 STM32F4x7_ETH_Driver\src\stm32f4x7_eth.o
                0x080032fc                ETH_Start
 .text.ETH_MACTransmissionCmd
                0x08003320       0x3c STM32F4x7_ETH_Driver\src\stm32f4x7_eth.o
                0x08003320                ETH_MACTransmissionCmd
 .text.ETH_MACReceptionCmd
                0x0800335c       0x3c STM32F4x7_ETH_Driver\src\stm32f4x7_eth.o
                0x0800335c                ETH_MACReceptionCmd
 .text.ETH_MACAddressConfig
                0x08003398       0x6c STM32F4x7_ETH_Driver\src\stm32f4x7_eth.o
                0x08003398                ETH_MACAddressConfig
 .text.ETH_Get_Received_Frame
                0x08003404       0x80 STM32F4x7_ETH_Driver\src\stm32f4x7_eth.o
                0x08003404                ETH_Get_Received_Frame
 .text.ETH_Prepare_Transmit_Descriptors
                0x08003484      0x16c STM32F4x7_ETH_Driver\src\stm32f4x7_eth.o
                0x08003484                ETH_Prepare_Transmit_Descriptors
 .text.ETH_DMARxDescChainInit
                0x080035f0       0xa8 STM32F4x7_ETH_Driver\src\stm32f4x7_eth.o
                0x080035f0                ETH_DMARxDescChainInit
 .text.ETH_CheckFrameReceived
                0x08003698       0xd4 STM32F4x7_ETH_Driver\src\stm32f4x7_eth.o
                0x08003698                ETH_CheckFrameReceived
 .text.ETH_DMATxDescChainInit
                0x0800376c       0x94 STM32F4x7_ETH_Driver\src\stm32f4x7_eth.o
                0x0800376c                ETH_DMATxDescChainInit
 .text.ETH_DMATxDescChecksumInsertionConfig
                0x08003800       0x22 STM32F4x7_ETH_Driver\src\stm32f4x7_eth.o
                0x08003800                ETH_DMATxDescChecksumInsertionConfig
 *fill*         0x08003822        0x2 
 .text.ETH_SoftwareReset
                0x08003824       0x28 STM32F4x7_ETH_Driver\src\stm32f4x7_eth.o
                0x08003824                ETH_SoftwareReset
 .text.ETH_GetSoftwareResetStatus
                0x0800384c       0x38 STM32F4x7_ETH_Driver\src\stm32f4x7_eth.o
                0x0800384c                ETH_GetSoftwareResetStatus
 .text.ETH_FlushTransmitFIFO
                0x08003884       0x2c STM32F4x7_ETH_Driver\src\stm32f4x7_eth.o
                0x08003884                ETH_FlushTransmitFIFO
 .text.ETH_DMATransmissionCmd
                0x080038b0       0x54 STM32F4x7_ETH_Driver\src\stm32f4x7_eth.o
                0x080038b0                ETH_DMATransmissionCmd
 .text.ETH_DMAReceptionCmd
                0x08003904       0x54 STM32F4x7_ETH_Driver\src\stm32f4x7_eth.o
                0x08003904                ETH_DMAReceptionCmd
 .text.ETH_ReadPHYRegister
                0x08003958       0xa0 STM32F4x7_ETH_Driver\src\stm32f4x7_eth.o
                0x08003958                ETH_ReadPHYRegister
 .text.ETH_WritePHYRegister
                0x080039f8       0xa4 STM32F4x7_ETH_Driver\src\stm32f4x7_eth.o
                0x080039f8                ETH_WritePHYRegister
 .text.NVIC_SetPriority
                0x08003a9c       0x54 STM32F4x7_ETH_Driver\src\stm32f4x7_eth_bsp.o
 .text.SysTick_Config
                0x08003af0       0x44 STM32F4x7_ETH_Driver\src\stm32f4x7_eth_bsp.o
 .text.ETH_BSP_Config
                0x08003b34       0x44 STM32F4x7_ETH_Driver\src\stm32f4x7_eth_bsp.o
                0x08003b34                ETH_BSP_Config
 .text.ETH_MACDMA_Config
                0x08003b78       0xc0 STM32F4x7_ETH_Driver\src\stm32f4x7_eth_bsp.o
 .text.ETH_GPIO_Config
                0x08003c38      0x160 STM32F4x7_ETH_Driver\src\stm32f4x7_eth_bsp.o
 .text.Eth_Link_PHYITConfig
                0x08003d98       0x74 STM32F4x7_ETH_Driver\src\stm32f4x7_eth_bsp.o
                0x08003d98                Eth_Link_PHYITConfig
 .text.Eth_Link_EXTIConfig
                0x08003e0c       0x84 STM32F4x7_ETH_Driver\src\stm32f4x7_eth_bsp.o
                0x08003e0c                Eth_Link_EXTIConfig
 .text.Eth_Link_ITHandler
                0x08003e90       0x38 STM32F4x7_ETH_Driver\src\stm32f4x7_eth_bsp.o
                0x08003e90                Eth_Link_ITHandler
 .text.SystemInit
                0x08003ec8       0x6c cmsis_boot\system_stm32f4xx.o
                0x08003ec8                SystemInit
 .text.SetSysClock
                0x08003f34       0xf8 cmsis_boot\system_stm32f4xx.o
 .text.NVIC_PriorityGroupConfig
                0x0800402c       0x28 cmsis_lib\source\misc.o
                0x0800402c                NVIC_PriorityGroupConfig
 .text.NVIC_Init
                0x08004054       0xc4 cmsis_lib\source\misc.o
                0x08004054                NVIC_Init
 .text.SysTick_CLKSourceConfig
                0x08004118       0x38 cmsis_lib\source\misc.o
                0x08004118                SysTick_CLKSourceConfig
 .text.ADC_Init
                0x08004150       0xac cmsis_lib\source\stm32f4xx_adc.o
                0x08004150                ADC_Init
 .text.ADC_StructInit
                0x080041fc       0x3e cmsis_lib\source\stm32f4xx_adc.o
                0x080041fc                ADC_StructInit
 *fill*         0x0800423a        0x2 
 .text.ADC_CommonInit
                0x0800423c       0x50 cmsis_lib\source\stm32f4xx_adc.o
                0x0800423c                ADC_CommonInit
 .text.ADC_Cmd  0x0800428c       0x38 cmsis_lib\source\stm32f4xx_adc.o
                0x0800428c                ADC_Cmd
 .text.ADC_RegularChannelConfig
                0x080042c4      0x194 cmsis_lib\source\stm32f4xx_adc.o
                0x080042c4                ADC_RegularChannelConfig
 .text.ADC_SoftwareStartConv
                0x08004458       0x20 cmsis_lib\source\stm32f4xx_adc.o
                0x08004458                ADC_SoftwareStartConv
 .text.ADC_GetConversionValue
                0x08004478       0x1a cmsis_lib\source\stm32f4xx_adc.o
                0x08004478                ADC_GetConversionValue
 *fill*         0x08004492        0x2 
 .text.EXTI_Init
                0x08004494       0xe4 cmsis_lib\source\stm32f4xx_exti.o
                0x08004494                EXTI_Init
 .text.EXTI_GetITStatus
                0x08004578       0x48 cmsis_lib\source\stm32f4xx_exti.o
                0x08004578                EXTI_GetITStatus
 .text.EXTI_ClearITPendingBit
                0x080045c0       0x20 cmsis_lib\source\stm32f4xx_exti.o
                0x080045c0                EXTI_ClearITPendingBit
 .text.GPIO_Init
                0x080045e0      0x11c cmsis_lib\source\stm32f4xx_gpio.o
                0x080045e0                GPIO_Init
 .text.GPIO_ReadInputDataBit
                0x080046fc       0x34 cmsis_lib\source\stm32f4xx_gpio.o
                0x080046fc                GPIO_ReadInputDataBit
 .text.GPIO_PinAFConfig
                0x08004730       0x92 cmsis_lib\source\stm32f4xx_gpio.o
                0x08004730                GPIO_PinAFConfig
 *fill*         0x080047c2        0x2 
 .text.RCC_GetClocksFreq
                0x080047c4      0x150 cmsis_lib\source\stm32f4xx_rcc.o
                0x080047c4                RCC_GetClocksFreq
 .text.RCC_AHB1PeriphClockCmd
                0x08004914       0x40 cmsis_lib\source\stm32f4xx_rcc.o
                0x08004914                RCC_AHB1PeriphClockCmd
 .text.RCC_APB2PeriphClockCmd
                0x08004954       0x40 cmsis_lib\source\stm32f4xx_rcc.o
                0x08004954                RCC_APB2PeriphClockCmd
 .text.RCC_AHB1PeriphResetCmd
                0x08004994       0x40 cmsis_lib\source\stm32f4xx_rcc.o
                0x08004994                RCC_AHB1PeriphResetCmd
 .text.SYSCFG_EXTILineConfig
                0x080049d4       0x84 cmsis_lib\source\stm32f4xx_syscfg.o
                0x080049d4                SYSCFG_EXTILineConfig
 .text.SYSCFG_ETH_MediaInterfaceConfig
                0x08004a58       0x20 cmsis_lib\source\stm32f4xx_syscfg.o
                0x08004a58                SYSCFG_ETH_MediaInterfaceConfig
 .text.fs_malloc
                0x08004a78       0x64 lwip\apps\http\fs.o
 .text.fs_free  0x08004adc       0x54 lwip\apps\http\fs.o
 .text.fs_open  0x08004b30       0x7c lwip\apps\http\fs.o
                0x08004b30                fs_open
 .text.fs_close
                0x08004bac       0x16 lwip\apps\http\fs.o
                0x08004bac                fs_close
 .text.fs_read  0x08004bc2       0x60 lwip\apps\http\fs.o
                0x08004bc2                fs_read
 .text.fs_bytes_left
                0x08004c22       0x1e lwip\apps\http\fs.o
                0x08004c22                fs_bytes_left
 .text.strnstr  0x08004c40       0x70 lwip\apps\http\httpd.o
 .text.http_state_alloc
                0x08004cb0       0x2c lwip\apps\http\httpd.o
 .text.http_state_free
                0x08004cdc       0x4c lwip\apps\http\httpd.o
 .text.http_write
                0x08004d28       0x70 lwip\apps\http\httpd.o
 .text.http_close_conn
                0x08004d98       0x64 lwip\apps\http\httpd.o
 .text.extract_uri_parameters
                0x08004dfc       0xc2 lwip\apps\http\httpd.o
 *fill*         0x08004ebe        0x2 
 .text.get_tag_insert
                0x08004ec0      0x100 lwip\apps\http\httpd.o
 .text.http_send_data
                0x08004fc0      0x71c lwip\apps\http\httpd.o
 .text.http_get_404_file
                0x080056dc       0x6c lwip\apps\http\httpd.o
 .text.http_parse_request
                0x08005748      0x180 lwip\apps\http\httpd.o
 .text.http_find_file
                0x080058c8      0x1b8 lwip\apps\http\httpd.o
 .text.http_init_file
                0x08005a80       0xd0 lwip\apps\http\httpd.o
 .text.http_err
                0x08005b50       0x24 lwip\apps\http\httpd.o
 .text.http_sent
                0x08005b74       0x34 lwip\apps\http\httpd.o
 .text.http_poll
                0x08005ba8       0x6c lwip\apps\http\httpd.o
 .text.http_recv
                0x08005c14       0xc4 lwip\apps\http\httpd.o
 .text.http_accept
                0x08005cd8       0x70 lwip\apps\http\httpd.o
 .text.httpd_init_addr
                0x08005d48       0x4c lwip\apps\http\httpd.o
 .text.httpd_init
                0x08005d94       0x1c lwip\apps\http\httpd.o
                0x08005d94                httpd_init
 .text.http_set_ssi_handler
                0x08005db0       0x38 lwip\apps\http\httpd.o
                0x08005db0                http_set_ssi_handler
 .text.http_set_cgi_handlers
                0x08005de8       0x2c lwip\apps\http\httpd.o
                0x08005de8                http_set_cgi_handlers
 .text.ADC_Configuration
                0x08005e14       0x9c lwip\apps\http\httpd_cgi_ssi.o
 .text.ADC_Handler
                0x08005eb0      0x16c lwip\apps\http\httpd_cgi_ssi.o
                0x08005eb0                ADC_Handler
 .text.LEDS_CGI_Handler
                0x0800601c       0xfc lwip\apps\http\httpd_cgi_ssi.o
                0x0800601c                LEDS_CGI_Handler
 .text.httpd_ssi_init
                0x08006118       0x1c lwip\apps\http\httpd_cgi_ssi.o
                0x08006118                httpd_ssi_init
 .text.httpd_cgi_init
                0x08006134       0x24 lwip\apps\http\httpd_cgi_ssi.o
                0x08006134                httpd_cgi_init
 .text.dhcp_arp_reply
                0x08006158       0x40 lwip\core\dhcp.o
                0x08006158                dhcp_arp_reply
 .text.dhcp_decline
                0x08006198       0xd0 lwip\core\dhcp.o
 .text.dhcp_set_state
                0x08006268       0x2e lwip\core\dhcp.o
 .text.dhcp_option
                0x08006296       0x4c lwip\core\dhcp.o
 .text.dhcp_option_byte
                0x080062e2       0x30 lwip\core\dhcp.o
 .text.dhcp_option_long
                0x08006312       0x92 lwip\core\dhcp.o
 .text.dhcp_create_request
                0x080063a4      0x1ec lwip\core\dhcp.o
 .text.dhcp_delete_request
                0x08006590       0x46 lwip\core\dhcp.o
 .text.dhcp_option_trailer
                0x080065d6       0x62 lwip\core\dhcp.o
 .text.autoip_handle_arp_conflict
                0x08006638       0x42 lwip\core\ipv4\autoip.o
 *fill*         0x0800667a        0x2 
 .text.autoip_create_addr
                0x0800667c       0x8c lwip\core\ipv4\autoip.o
 .text.autoip_arp_announce
                0x08006708       0x48 lwip\core\ipv4\autoip.o
 .text.autoip_start
                0x08006750       0xae lwip\core\ipv4\autoip.o
                0x08006750                autoip_start
 *fill*         0x080067fe        0x2 
 .text.autoip_start_probing
                0x08006800       0x8c lwip\core\ipv4\autoip.o
 .text.autoip_arp_reply
                0x0800688c       0xe8 lwip\core\ipv4\autoip.o
                0x0800688c                autoip_arp_reply
 .text.icmp_input
                0x08006974      0x20c lwip\core\ipv4\icmp.o
                0x08006974                icmp_input
 .text.icmp_dest_unreach
                0x08006b80       0x20 lwip\core\ipv4\icmp.o
                0x08006b80                icmp_dest_unreach
 .text.icmp_time_exceeded
                0x08006ba0       0x20 lwip\core\ipv4\icmp.o
                0x08006ba0                icmp_time_exceeded
 .text.icmp_send_response
                0x08006bc0       0xa8 lwip\core\ipv4\icmp.o
 .text.htons    0x08006c68       0x2a lwip\core\ipv4\inet.o
                0x08006c68                htons
 .text.ntohs    0x08006c92       0x1c lwip\core\ipv4\inet.o
                0x08006c92                ntohs
 .text.htonl    0x08006cae       0x32 lwip\core\ipv4\inet.o
                0x08006cae                htonl
 .text.ntohl    0x08006ce0       0x18 lwip\core\ipv4\inet.o
                0x08006ce0                ntohl
 .text.lwip_standard_chksum
                0x08006cf8       0x9a lwip\core\ipv4\inet_chksum.o
 .text.inet_chksum
                0x08006d92       0x24 lwip\core\ipv4\inet_chksum.o
                0x08006d92                inet_chksum
 .text.inet_chksum_pbuf
                0x08006db6       0x94 lwip\core\ipv4\inet_chksum.o
                0x08006db6                inet_chksum_pbuf
 *fill*         0x08006e4a        0x2 
 .text.ip_route
                0x08006e4c       0x70 lwip\core\ipv4\ip.o
                0x08006e4c                ip_route
 .text.ip_input
                0x08006ebc      0x280 lwip\core\ipv4\ip.o
                0x08006ebc                ip_input
 .text.ip_output_if
                0x0800713c      0x198 lwip\core\ipv4\ip.o
                0x0800713c                ip_output_if
 .text.ip_output
                0x080072d4       0x4a lwip\core\ipv4\ip.o
                0x080072d4                ip_output
 .text.ip_debug_print
                0x0800731e       0x20 lwip\core\ipv4\ip.o
                0x0800731e                ip_debug_print
 .text.ip_addr_isbroadcast
                0x0800733e       0x7c lwip\core\ipv4\ip_addr.o
                0x0800733e                ip_addr_isbroadcast
 *fill*         0x080073ba        0x2 
 .text.ip_reass_free_complete_datagram
                0x080073bc       0xbc lwip\core\ipv4\ip_frag.o
 .text.ip_reass_remove_oldest_datagram
                0x08007478       0xb8 lwip\core\ipv4\ip_frag.o
 .text.ip_reass_enqueue_new_datagram
                0x08007530       0x74 lwip\core\ipv4\ip_frag.o
 .text.ip_reass_dequeue_datagram
                0x080075a4       0x3c lwip\core\ipv4\ip_frag.o
 .text.ip_reass_chain_frag_into_datagram_and_validate
                0x080075e0      0x20c lwip\core\ipv4\ip_frag.o
 .text.ip_reass
                0x080077ec      0x264 lwip\core\ipv4\ip_frag.o
                0x080077ec                ip_reass
 .text.ip_frag  0x08007a50      0x1a8 lwip\core\ipv4\ip_frag.o
                0x08007a50                ip_frag
 .text.plug_holes
                0x08007bf8       0xc0 lwip\core\mem.o
 .text.mem_init
                0x08007cb8       0x84 lwip\core\mem.o
                0x08007cb8                mem_init
 .text.mem_free
                0x08007d3c       0x68 lwip\core\mem.o
                0x08007d3c                mem_free
 .text.mem_realloc
                0x08007da4      0x17c lwip\core\mem.o
                0x08007da4                mem_realloc
 .text.mem_malloc
                0x08007f20      0x14c lwip\core\mem.o
                0x08007f20                mem_malloc
 .text.memp_init
                0x0800806c       0x9c lwip\core\memp.o
                0x0800806c                memp_init
 .text.memp_malloc
                0x08008108       0x44 lwip\core\memp.o
                0x08008108                memp_malloc
 .text.memp_free
                0x0800814c       0x40 lwip\core\memp.o
                0x0800814c                memp_free
 .text.netif_add
                0x0800818c       0x90 lwip\core\netif.o
                0x0800818c                netif_add
 .text.netif_set_addr
                0x0800821c       0x2e lwip\core\netif.o
                0x0800821c                netif_set_addr
 *fill*         0x0800824a        0x2 
 .text.netif_set_ipaddr
                0x0800824c       0xac lwip\core\netif.o
                0x0800824c                netif_set_ipaddr
 .text.netif_set_gw
                0x080082f8       0x28 lwip\core\netif.o
                0x080082f8                netif_set_gw
 .text.netif_set_netmask
                0x08008320       0x28 lwip\core\netif.o
                0x08008320                netif_set_netmask
 .text.netif_set_default
                0x08008348       0x20 lwip\core\netif.o
                0x08008348                netif_set_default
 .text.netif_set_up
                0x08008368       0x4a lwip\core\netif.o
                0x08008368                netif_set_up
 .text.netif_set_down
                0x080083b2       0x34 lwip\core\netif.o
                0x080083b2                netif_set_down
 .text.netif_is_up
                0x080083e6       0x28 lwip\core\netif.o
                0x080083e6                netif_is_up
 *fill*         0x0800840e        0x2 
 .text.pbuf_alloc
                0x08008410      0x1f4 lwip\core\pbuf.o
                0x08008410                pbuf_alloc
 .text.pbuf_realloc
                0x08008604       0xc8 lwip\core\pbuf.o
                0x08008604                pbuf_realloc
 .text.pbuf_header
                0x080086cc       0xde lwip\core\pbuf.o
                0x080086cc                pbuf_header
 .text.pbuf_free
                0x080087aa       0x9e lwip\core\pbuf.o
                0x080087aa                pbuf_free
 .text.pbuf_clen
                0x08008848       0x2e lwip\core\pbuf.o
                0x08008848                pbuf_clen
 .text.pbuf_ref
                0x08008876       0x26 lwip\core\pbuf.o
                0x08008876                pbuf_ref
 .text.pbuf_cat
                0x0800889c       0x5e lwip\core\pbuf.o
                0x0800889c                pbuf_cat
 .text.pbuf_chain
                0x080088fa       0x20 lwip\core\pbuf.o
                0x080088fa                pbuf_chain
 .text.pbuf_copy
                0x0800891a       0xfe lwip\core\pbuf.o
                0x0800891a                pbuf_copy
 .text.pbuf_copy_partial
                0x08008a18       0xc8 lwip\core\pbuf.o
                0x08008a18                pbuf_copy_partial
 .text.raw_input
                0x08008ae0       0xac lwip\core\raw.o
                0x08008ae0                raw_input
 .text.tcp_tmr  0x08008b8c       0x2c lwip\core\tcp.o
                0x08008b8c                tcp_tmr
 .text.tcp_close
                0x08008bb8      0x174 lwip\core\tcp.o
                0x08008bb8                tcp_close
 .text.tcp_abandon
                0x08008d2c       0xe0 lwip\core\tcp.o
                0x08008d2c                tcp_abandon
 .text.tcp_bind
                0x08008e0c      0x184 lwip\core\tcp.o
                0x08008e0c                tcp_bind
 .text.tcp_accept_null
                0x08008f90       0x1e lwip\core\tcp.o
 *fill*         0x08008fae        0x2 
 .text.tcp_listen_with_backlog
                0x08008fb0      0x10c lwip\core\tcp.o
                0x08008fb0                tcp_listen_with_backlog
 .text.tcp_update_rcv_ann_wnd
                0x080090bc       0x82 lwip\core\tcp.o
                0x080090bc                tcp_update_rcv_ann_wnd
 .text.tcp_recved
                0x0800913e       0x62 lwip\core\tcp.o
                0x0800913e                tcp_recved
 .text.tcp_new_port
                0x080091a0       0xac lwip\core\tcp.o
 .text.tcp_slowtmr
                0x0800924c      0x3c8 lwip\core\tcp.o
                0x0800924c                tcp_slowtmr
 .text.tcp_fasttmr
                0x08009614       0xac lwip\core\tcp.o
                0x08009614                tcp_fasttmr
 .text.tcp_segs_free
                0x080096c0       0x38 lwip\core\tcp.o
                0x080096c0                tcp_segs_free
 .text.tcp_seg_free
                0x080096f8       0x40 lwip\core\tcp.o
                0x080096f8                tcp_seg_free
 .text.tcp_setprio
                0x08009738       0x1e lwip\core\tcp.o
                0x08009738                tcp_setprio
 .text.tcp_recv_null
                0x08009756       0x44 lwip\core\tcp.o
                0x08009756                tcp_recv_null
 *fill*         0x0800979a        0x2 
 .text.tcp_kill_prio
                0x0800979c       0x84 lwip\core\tcp.o
 .text.tcp_kill_timewait
                0x08009820       0x60 lwip\core\tcp.o
 .text.tcp_alloc
                0x08009880      0x10c lwip\core\tcp.o
                0x08009880                tcp_alloc
 .text.tcp_new  0x0800998c       0x10 lwip\core\tcp.o
                0x0800998c                tcp_new
 .text.tcp_arg  0x0800999c       0x1c lwip\core\tcp.o
                0x0800999c                tcp_arg
 .text.tcp_recv
                0x080099b8       0x1e lwip\core\tcp.o
                0x080099b8                tcp_recv
 .text.tcp_sent
                0x080099d6       0x1e lwip\core\tcp.o
                0x080099d6                tcp_sent
 .text.tcp_err  0x080099f4       0x1e lwip\core\tcp.o
                0x080099f4                tcp_err
 .text.tcp_accept
                0x08009a12       0x1c lwip\core\tcp.o
                0x08009a12                tcp_accept
 .text.tcp_poll
                0x08009a2e       0x2a lwip\core\tcp.o
                0x08009a2e                tcp_poll
 .text.tcp_pcb_purge
                0x08009a58       0x62 lwip\core\tcp.o
                0x08009a58                tcp_pcb_purge
 *fill*         0x08009aba        0x2 
 .text.tcp_pcb_remove
                0x08009abc       0xb4 lwip\core\tcp.o
                0x08009abc                tcp_pcb_remove
 .text.tcp_next_iss
                0x08009b70       0x28 lwip\core\tcp.o
                0x08009b70                tcp_next_iss
 .text.tcp_eff_send_mss
                0x08009b98       0x40 lwip\core\tcp.o
                0x08009b98                tcp_eff_send_mss
 .text.tcp_debug_print
                0x08009bd8       0x2c lwip\core\tcp.o
                0x08009bd8                tcp_debug_print
 .text.tcp_debug_print_state
                0x08009c04       0x16 lwip\core\tcp.o
                0x08009c04                tcp_debug_print_state
 .text.tcp_debug_print_flags
                0x08009c1a       0x16 lwip\core\tcp.o
                0x08009c1a                tcp_debug_print_flags
 .text.tcp_pcbs_sane
                0x08009c30       0x44 lwip\core\tcp.o
                0x08009c30                tcp_pcbs_sane
 .text.tcp_input
                0x08009c74      0x600 lwip\core\tcp_in.o
                0x08009c74                tcp_input
 .text.tcp_listen_input
                0x0800a274      0x188 lwip\core\tcp_in.o
 .text.tcp_timewait_input
                0x0800a3fc       0xe4 lwip\core\tcp_in.o
 .text.tcp_process
                0x0800a4e0      0x6e0 lwip\core\tcp_in.o
 .text.tcp_receive
                0x0800abc0      0x8bc lwip\core\tcp_in.o
 .text.tcp_parseopt
                0x0800b47c      0x108 lwip\core\tcp_in.o
 .text.tcp_output_set_header
                0x0800b584       0xea lwip\core\tcp_out.o
 .text.tcp_send_ctrl
                0x0800b66e       0x2c lwip\core\tcp_out.o
                0x0800b66e                tcp_send_ctrl
 .text.tcp_write
                0x0800b69a       0x64 lwip\core\tcp_out.o
                0x0800b69a                tcp_write
 .text.tcp_enqueue
                0x0800b6fe      0x5c6 lwip\core\tcp_out.o
                0x0800b6fe                tcp_enqueue
 .text.tcp_send_empty_ack
                0x0800bcc4       0x86 lwip\core\tcp_out.o
                0x0800bcc4                tcp_send_empty_ack
 *fill*         0x0800bd4a        0x2 
 .text.tcp_output
                0x0800bd4c      0x2f0 lwip\core\tcp_out.o
                0x0800bd4c                tcp_output
 .text.tcp_output_segment
                0x0800c03c      0x148 lwip\core\tcp_out.o
 .text.tcp_rst  0x0800c184       0xf2 lwip\core\tcp_out.o
                0x0800c184                tcp_rst
 .text.tcp_rexmit_rto
                0x0800c276       0x62 lwip\core\tcp_out.o
                0x0800c276                tcp_rexmit_rto
 .text.tcp_rexmit
                0x0800c2d8       0x86 lwip\core\tcp_out.o
                0x0800c2d8                tcp_rexmit
 .text.tcp_rexmit_fast
                0x0800c35e       0xac lwip\core\tcp_out.o
                0x0800c35e                tcp_rexmit_fast
 .text.tcp_keepalive
                0x0800c40a       0x5e lwip\core\tcp_out.o
                0x0800c40a                tcp_keepalive
 .text.tcp_zero_window_probe
                0x0800c468       0xe4 lwip\core\tcp_out.o
                0x0800c468                tcp_zero_window_probe
 .text.udp_input
                0x0800c54c      0x294 lwip\core\udp.o
                0x0800c54c                udp_input
 .text.udp_send
                0x0800c7e0       0x24 lwip\core\udp.o
                0x0800c7e0                udp_send
 .text.udp_sendto
                0x0800c804       0x3e lwip\core\udp.o
                0x0800c804                udp_sendto
 .text.udp_sendto_if
                0x0800c842      0x12c lwip\core\udp.o
                0x0800c842                udp_sendto_if
 *fill*         0x0800c96e        0x2 
 .text.udp_bind
                0x0800c970       0xc0 lwip\core\udp.o
                0x0800c970                udp_bind
 .text.udp_connect
                0x0800ca30       0x98 lwip\core\udp.o
                0x0800ca30                udp_connect
 .text.udp_disconnect
                0x0800cac8       0x34 lwip\core\udp.o
                0x0800cac8                udp_disconnect
 .text.udp_recv
                0x0800cafc       0x24 lwip\core\udp.o
                0x0800cafc                udp_recv
 .text.udp_new  0x0800cb20       0x2e lwip\core\udp.o
                0x0800cb20                udp_new
 .text.udp_debug_print
                0x0800cb4e       0x14 lwip\core\udp.o
                0x0800cb4e                udp_debug_print
 *fill*         0x0800cb62        0x2 
 .text.low_level_init
                0x0800cb64       0xb0 lwip\ethernetif.o
 .text.low_level_output
                0x0800cc14       0x60 lwip\ethernetif.o
 .text.low_level_input
                0x0800cc74       0xf0 lwip\ethernetif.o
 .text.ethernetif_input
                0x0800cd64       0x48 lwip\ethernetif.o
                0x0800cd64                ethernetif_input
 .text.ethernetif_init
                0x0800cdac       0x3c lwip\ethernetif.o
                0x0800cdac                ethernetif_init
 .text.LwIP_Init
                0x0800cde8       0x78 lwip\netconf.o
                0x0800cde8                LwIP_Init
 .text.LwIP_Pkt_Handle
                0x0800ce60       0x14 lwip\netconf.o
                0x0800ce60                LwIP_Pkt_Handle
 .text.LwIP_Periodic_Handle
                0x0800ce74       0x48 lwip\netconf.o
                0x0800ce74                LwIP_Periodic_Handle
 .text.free_etharp_q
                0x0800cebc       0x34 lwip\netif\etharp.o
 .text.etharp_tmr
                0x0800cef0      0x100 lwip\netif\etharp.o
                0x0800cef0                etharp_tmr
 .text.find_entry
                0x0800cff0      0x2dc lwip\netif\etharp.o
 .text.etharp_send_ip
                0x0800d2cc       0x66 lwip\netif\etharp.o
 *fill*         0x0800d332        0x2 
 .text.update_arp_entry
                0x0800d334      0x154 lwip\netif\etharp.o
 .text.etharp_ip_input
                0x0800d488       0x50 lwip\netif\etharp.o
                0x0800d488                etharp_ip_input
 .text.etharp_arp_input
                0x0800d4d8      0x1ec lwip\netif\etharp.o
                0x0800d4d8                etharp_arp_input
 .text.etharp_output
                0x0800d6c4       0xfc lwip\netif\etharp.o
                0x0800d6c4                etharp_output
 .text.etharp_query
                0x0800d7c0      0x250 lwip\netif\etharp.o
                0x0800d7c0                etharp_query
 .text.etharp_raw
                0x0800da10      0x148 lwip\netif\etharp.o
                0x0800da10                etharp_raw
 .text.etharp_request
                0x0800db58       0x44 lwip\netif\etharp.o
                0x0800db58                etharp_request
 .text.ethernet_input
                0x0800db9c       0x86 lwip\netif\etharp.o
                0x0800db9c                ethernet_input
 *fill*         0x0800dc22        0x2 
 .text.NVIC_SetPriorityGrouping
                0x0800dc24       0x48 src\main.o
 .text.main     0x0800dc6c       0xac src\main.o
                0x0800dc6c                main
 .text.Lee_DP   0x0800dd18       0x78 src\main.o
                0x0800dd18                Lee_DP
 .text.prvSetupHardware
                0x0800dd90        0xe src\main.o
 .text.BlinkRED
                0x0800dd9e       0x18 src\main.o
                0x0800dd9e                BlinkRED
 .text.BlinkBLUE
                0x0800ddb6       0x18 src\main.o
                0x0800ddb6                BlinkBLUE
 .text.BlinkORANGE
                0x0800ddce       0x16 src\main.o
                0x0800ddce                BlinkORANGE
 .text.vApplicationTickHook
                0x0800dde4        0xe src\main.o
                0x0800dde4                vApplicationTickHook
 *fill*         0x0800ddf2        0x2 
 .text.Time_Update
                0x0800ddf4       0x3c src\main.o
                0x0800ddf4                Time_Update
 .text.LCD_LED_Init
                0x0800de30       0x20 src\main.o
                0x0800de30                LCD_LED_Init
 .text.STM_EVAL_LEDInit
                0x0800de50       0x5c src\stm32f4_discovery.o
                0x0800de50                STM_EVAL_LEDInit
 .text.STM_EVAL_LEDOn
                0x0800deac       0x30 src\stm32f4_discovery.o
                0x0800deac                STM_EVAL_LEDOn
 .text.STM_EVAL_LEDOff
                0x0800dedc       0x30 src\stm32f4_discovery.o
                0x0800dedc                STM_EVAL_LEDOff
 .text.STM_EVAL_LEDToggle
                0x0800df0c       0x3c src\stm32f4_discovery.o
                0x0800df0c                STM_EVAL_LEDToggle
 .text.STM_EVAL_PBInit
                0x0800df48       0x98 src\stm32f4_discovery.o
                0x0800df48                STM_EVAL_PBInit
 .text.STM_EVAL_PBGetState
                0x0800dfe0       0x2c src\stm32f4_discovery.o
                0x0800dfe0                STM_EVAL_PBGetState
 .text.NMI_Handler
                0x0800e00c        0xe src\stm32f4xx_it.o
                0x0800e00c                NMI_Handler
 .text.HardFault_Handler
                0x0800e01a        0x6 src\stm32f4xx_it.o
                0x0800e01a                HardFault_Handler
 .text.MemManage_Handler
                0x0800e020        0x6 src\stm32f4xx_it.o
                0x0800e020                MemManage_Handler
 .text.BusFault_Handler
                0x0800e026        0x6 src\stm32f4xx_it.o
                0x0800e026                BusFault_Handler
 .text.UsageFault_Handler
                0x0800e02c        0x6 src\stm32f4xx_it.o
                0x0800e02c                UsageFault_Handler
 .text.DebugMon_Handler
                0x0800e032        0xe src\stm32f4xx_it.o
                0x0800e032                DebugMon_Handler
 .text.EXTI15_10_IRQHandler
                0x0800e040       0x24 src\stm32f4xx_it.o
                0x0800e040                EXTI15_10_IRQHandler
 .text.ts_itoa  0x0800e064       0x92 src\tiny_printf.o
                0x0800e064                ts_itoa
 .text.ts_formatstring
                0x0800e0f6      0x12e src\tiny_printf.o
                0x0800e0f6                ts_formatstring
 .text.ts_formatlength
                0x0800e224      0x12c src\tiny_printf.o
                0x0800e224                ts_formatlength
 .text.sprintf  0x0800e350       0x2c src\tiny_printf.o
                0x0800e350                sprintf
 .text.printf   0x0800e37c       0x92 src\tiny_printf.o
                0x0800e37c                printf
 *fill*         0x0800e40e        0x2 
 .text.udp_echoserver_init
                0x0800e410       0x5c src\udp_echoserver.o
                0x0800e410                udp_echoserver_init
 .text.udp_echoserver_receive_callback
                0x0800e46c       0x88 src\udp_echoserver.o
                0x0800e46c                udp_echoserver_receive_callback
 .text.udp_client_init
                0x0800e4f4       0x70 src\udp_echoserver.o
                0x0800e4f4                udp_client_init
 .text.udp_client
                0x0800e564       0x64 src\udp_echoserver.o
                0x0800e564                udp_client
 .text.Default_Reset_Handler
                0x0800e5c8       0x60 startup\startup_stm32f4xx.o
                0x0800e5c8                Default_Reset_Handler
                0x0800e5c8                Reset_Handler
 .text.Default_Handler
                0x0800e628        0x6 startup\startup_stm32f4xx.o
                0x0800e628                RTC_Alarm_IRQHandler
                0x0800e628                HASH_RNG_IRQHandler
                0x0800e628                EXTI2_IRQHandler
                0x0800e628                TIM8_CC_IRQHandler
                0x0800e628                TIM1_CC_IRQHandler
                0x0800e628                DMA2_Stream5_IRQHandler
                0x0800e628                DMA1_Stream5_IRQHandler
                0x0800e628                PVD_IRQHandler
                0x0800e628                SDIO_IRQHandler
                0x0800e628                TAMP_STAMP_IRQHandler
                0x0800e628                CAN2_RX1_IRQHandler
                0x0800e628                EXTI3_IRQHandler
                0x0800e628                TIM8_TRG_COM_TIM14_IRQHandler
                0x0800e628                TIM1_UP_TIM10_IRQHandler
                0x0800e628                TIM8_UP_TIM13_IRQHandler
                0x0800e628                I2C3_ER_IRQHandler
                0x0800e628                EXTI0_IRQHandler
                0x0800e628                I2C2_EV_IRQHandler
                0x0800e628                DMA1_Stream2_IRQHandler
                0x0800e628                CAN1_RX0_IRQHandler
                0x0800e628                FPU_IRQHandler
                0x0800e628                OTG_HS_WKUP_IRQHandler
                0x0800e628                CAN2_SCE_IRQHandler
                0x0800e628                DMA2_Stream2_IRQHandler
                0x0800e628                SPI1_IRQHandler
                0x0800e628                TIM6_DAC_IRQHandler
                0x0800e628                TIM1_BRK_TIM9_IRQHandler
                0x0800e628                DCMI_IRQHandler
                0x0800e628                CAN2_RX0_IRQHandler
                0x0800e628                DMA2_Stream3_IRQHandler
                0x0800e628                USART6_IRQHandler
                0x0800e628                USART3_IRQHandler
                0x0800e628                CRYP_IRQHandler
                0x0800e628                CAN1_RX1_IRQHandler
                0x0800e628                UART5_IRQHandler
                0x0800e628                DMA2_Stream0_IRQHandler
                0x0800e628                TIM4_IRQHandler
                0x0800e628                I2C1_EV_IRQHandler
                0x0800e628                DMA1_Stream6_IRQHandler
                0x0800e628                DMA1_Stream1_IRQHandler
                0x0800e628                UART4_IRQHandler
                0x0800e628                TIM3_IRQHandler
                0x0800e628                RCC_IRQHandler
                0x0800e628                TIM8_BRK_TIM12_IRQHandler
                0x0800e628                ADC_IRQHandler
                0x0800e628                DMA1_Stream7_IRQHandler
                0x0800e628                TIM7_IRQHandler
                0x0800e628                CAN2_TX_IRQHandler
                0x0800e628                TIM5_IRQHandler
                0x0800e628                DMA2_Stream7_IRQHandler
                0x0800e628                I2C3_EV_IRQHandler
                0x0800e628                EXTI9_5_IRQHandler
                0x0800e628                RTC_WKUP_IRQHandler
                0x0800e628                ETH_WKUP_IRQHandler
                0x0800e628                SPI2_IRQHandler
                0x0800e628                OTG_HS_EP1_IN_IRQHandler
                0x0800e628                DMA1_Stream0_IRQHandler
                0x0800e628                CAN1_TX_IRQHandler
                0x0800e628                EXTI4_IRQHandler
                0x0800e628                FSMC_IRQHandler
                0x0800e628                ETH_IRQHandler
                0x0800e628                OTG_HS_EP1_OUT_IRQHandler
                0x0800e628                WWDG_IRQHandler
                0x0800e628                TIM2_IRQHandler
                0x0800e628                OTG_FS_WKUP_IRQHandler
                0x0800e628                TIM1_TRG_COM_TIM11_IRQHandler
                0x0800e628                OTG_HS_IRQHandler
                0x0800e628                EXTI1_IRQHandler
                0x0800e628                USART2_IRQHandler
                0x0800e628                I2C2_ER_IRQHandler
                0x0800e628                DMA2_Stream1_IRQHandler
                0x0800e628                CAN1_SCE_IRQHandler
                0x0800e628                FLASH_IRQHandler
                0x0800e628                DMA2_Stream4_IRQHandler
                0x0800e628                USART1_IRQHandler
                0x0800e628                OTG_FS_IRQHandler
                0x0800e628                SPI3_IRQHandler
                0x0800e628                DMA1_Stream4_IRQHandler
                0x0800e628                I2C1_ER_IRQHandler
                0x0800e628                DMA2_Stream6_IRQHandler
                0x0800e628                DMA1_Stream3_IRQHandler
 .text._write   0x0800e62e       0x1a syscalls\syscalls.o
                0x0800e62e                _write
 .text.memcmp   0x0800e648       0x1e c:/program files (x86)/atollic/truestudio for stm32 9.3.0/armtools/bin/../lib/gcc/arm-atollic-eabi/6.3.1/../../../../arm-atollic-eabi/lib/armv7e-m/fpu\libc_nano.a(lib_a-memcmp.o)
                0x0800e648                memcmp
 .text.memcpy   0x0800e666       0x16 c:/program files (x86)/atollic/truestudio for stm32 9.3.0/armtools/bin/../lib/gcc/arm-atollic-eabi/6.3.1/../../../../arm-atollic-eabi/lib/armv7e-m/fpu\libc_nano.a(lib_a-memcpy-stub.o)
                0x0800e666                memcpy
 .text.memset   0x0800e67c       0x10 c:/program files (x86)/atollic/truestudio for stm32 9.3.0/armtools/bin/../lib/gcc/arm-atollic-eabi/6.3.1/../../../../arm-atollic-eabi/lib/armv7e-m/fpu\libc_nano.a(lib_a-memset.o)
                0x0800e67c                memset
 .text.strchr   0x0800e68c       0x1c c:/program files (x86)/atollic/truestudio for stm32 9.3.0/armtools/bin/../lib/gcc/arm-atollic-eabi/6.3.1/../../../../arm-atollic-eabi/lib/armv7e-m/fpu\libc_nano.a(lib_a-strchr.o)
                0x0800e68c                strchr
 .text.strcpy   0x0800e6a8       0x10 c:/program files (x86)/atollic/truestudio for stm32 9.3.0/armtools/bin/../lib/gcc/arm-atollic-eabi/6.3.1/../../../../arm-atollic-eabi/lib/armv7e-m/fpu\libc_nano.a(lib_a-strcpy.o)
                0x0800e6a8                strcpy
 .text.strncmp  0x0800e6b8       0x24 c:/program files (x86)/atollic/truestudio for stm32 9.3.0/armtools/bin/../lib/gcc/arm-atollic-eabi/6.3.1/../../../../arm-atollic-eabi/lib/armv7e-m/fpu\libc_nano.a(lib_a-strncmp.o)
                0x0800e6b8                strncmp
 .text.strstr   0x0800e6dc       0x36 c:/program files (x86)/atollic/truestudio for stm32 9.3.0/armtools/bin/../lib/gcc/arm-atollic-eabi/6.3.1/../../../../arm-atollic-eabi/lib/armv7e-m/fpu\libc_nano.a(lib_a-strstr.o)
                0x0800e6dc                strstr
 *(.glue_7)
 .glue_7        0x0800e712        0x0 linker stubs
 *(.glue_7t)
 .glue_7t       0x0800e712        0x0 linker stubs
 *(.eh_frame)
 *fill*         0x0800e712        0x2 
 .eh_frame      0x0800e714        0x0 c:/program files (x86)/atollic/truestudio for stm32 9.3.0/armtools/bin/../lib/gcc/arm-atollic-eabi/6.3.1/armv7e-m/fpu/crtbegin.o
 *(.init)
 .init          0x0800e714        0x4 c:/program files (x86)/atollic/truestudio for stm32 9.3.0/armtools/bin/../lib/gcc/arm-atollic-eabi/6.3.1/armv7e-m/fpu/crti.o
                0x0800e714                _init
 .init          0x0800e718        0x8 c:/program files (x86)/atollic/truestudio for stm32 9.3.0/armtools/bin/../lib/gcc/arm-atollic-eabi/6.3.1/armv7e-m/fpu/crtn.o
 *(.fini)
 .fini          0x0800e720        0x4 c:/program files (x86)/atollic/truestudio for stm32 9.3.0/armtools/bin/../lib/gcc/arm-atollic-eabi/6.3.1/armv7e-m/fpu/crti.o
                0x0800e720                _fini
 .fini          0x0800e724        0x8 c:/program files (x86)/atollic/truestudio for stm32 9.3.0/armtools/bin/../lib/gcc/arm-atollic-eabi/6.3.1/armv7e-m/fpu/crtn.o
                0x0800e72c                . = ALIGN (0x4)
                0x0800e72c                _etext = .

.vfp11_veneer   0x0800e72c        0x0
 .vfp11_veneer  0x0800e72c        0x0 linker stubs

.v4_bx          0x0800e72c        0x0
 .v4_bx         0x0800e72c        0x0 linker stubs

.iplt           0x0800e72c        0x0
 .iplt          0x0800e72c        0x0 c:/program files (x86)/atollic/truestudio for stm32 9.3.0/armtools/bin/../lib/gcc/arm-atollic-eabi/6.3.1/armv7e-m/fpu/crtbegin.o

.rodata         0x0800e72c     0xceac
                0x0800e72c                . = ALIGN (0x4)
 *(.rodata)
 .rodata        0x0800e72c        0x5 FreeRTOS\tasks.o
 *fill*         0x0800e731        0x3 
 .rodata        0x0800e734        0xd FreeRTOS\timers.o
 *fill*         0x0800e741        0x3 
 .rodata        0x0800e744       0xc1 lwip\apps\http\httpd.o
 *fill*         0x0800e805        0x3 
 .rodata        0x0800e808       0x3b lwip\apps\http\httpd_cgi_ssi.o
 *fill*         0x0800e843        0x1 
 .rodata        0x0800e844       0x3d src\main.o
 *fill*         0x0800e881        0x3 
 .rodata        0x0800e884       0x41 src\udp_echoserver.o
 *(.rodata*)
 *fill*         0x0800e8c5        0x3 
 .rodata.file__STM32F4x7_files_ST_gif
                0x0800e8c8       0x14 lwip\apps\http\fs.o
                0x0800e8c8                file__STM32F4x7_files_ST_gif
 .rodata.data__STM32F4x7_files_ST_gif
                0x0800e8dc      0xaba lwip\apps\http\fs.o
 *fill*         0x0800f396        0x2 
 .rodata.data__STM32F4x7_files_logo_jpg
                0x0800f398      0xc57 lwip\apps\http\fs.o
 *fill*         0x0800ffef        0x1 
 .rodata.data__STM32F4x7_files_stm32_jpg
                0x0800fff0     0x665d lwip\apps\http\fs.o
 *fill*         0x0801664d        0x3 
 .rodata.data__STM32F4x7LED_html
                0x08016650      0xff2 lwip\apps\http\fs.o
 *fill*         0x08017642        0x2 
 .rodata.data__404_html
                0x08017644      0x4db lwip\apps\http\fs.o
 *fill*         0x08017b1f        0x1 
 .rodata.data__index_html
                0x08017b20     0x29e4 lwip\apps\http\fs.o
 .rodata.data__STM32F4x7ADC_shtml
                0x0801a504      0xfbb lwip\apps\http\fs.o
 *fill*         0x0801b4bf        0x1 
 .rodata.file__STM32F4x7_files_logo_jpg
                0x0801b4c0       0x14 lwip\apps\http\fs.o
                0x0801b4c0                file__STM32F4x7_files_logo_jpg
 .rodata.file__STM32F4x7_files_stm32_jpg
                0x0801b4d4       0x14 lwip\apps\http\fs.o
                0x0801b4d4                file__STM32F4x7_files_stm32_jpg
 .rodata.file__STM32F4x7LED_html
                0x0801b4e8       0x14 lwip\apps\http\fs.o
                0x0801b4e8                file__STM32F4x7LED_html
 .rodata.file__404_html
                0x0801b4fc       0x14 lwip\apps\http\fs.o
                0x0801b4fc                file__404_html
 .rodata.file__index_html
                0x0801b510       0x14 lwip\apps\http\fs.o
                0x0801b510                file__index_html
 .rodata.file__STM32F4x7ADC_shtml
                0x0801b524       0x14 lwip\apps\http\fs.o
                0x0801b524                file__STM32F4x7ADC_shtml
 .rodata.g_psDefaultFilenames
                0x0801b538       0x28 lwip\apps\http\httpd.o
                0x0801b538                g_psDefaultFilenames
 .rodata.LEDS_CGI
                0x0801b560        0x8 lwip\apps\http\httpd_cgi_ssi.o
                0x0801b560                LEDS_CGI
 .rodata.ip_addr_any
                0x0801b568        0x4 lwip\core\ipv4\ip_addr.o
                0x0801b568                ip_addr_any
 .rodata.ip_addr_broadcast
                0x0801b56c        0x4 lwip\core\ipv4\ip_addr.o
                0x0801b56c                ip_addr_broadcast
 .rodata.memp_sizes
                0x0801b570       0x12 lwip\core\memp.o
 *fill*         0x0801b582        0x2 
 .rodata.memp_num
                0x0801b584       0x12 lwip\core\memp.o
 *fill*         0x0801b596        0x2 
 .rodata.tcp_backoff
                0x0801b598        0xd lwip\core\tcp.o
                0x0801b598                tcp_backoff
 *fill*         0x0801b5a5        0x3 
 .rodata.tcp_persist_backoff
                0x0801b5a8        0x7 lwip\core\tcp.o
                0x0801b5a8                tcp_persist_backoff
 *fill*         0x0801b5af        0x1 
 .rodata.ethbroadcast
                0x0801b5b0        0x6 lwip\netif\etharp.o
                0x0801b5b0                ethbroadcast
 *fill*         0x0801b5b6        0x2 
 .rodata.ethzero
                0x0801b5b8        0x6 lwip\netif\etharp.o
                0x0801b5b8                ethzero
 *fill*         0x0801b5be        0x2 
 .rodata.GPIO_PIN
                0x0801b5c0        0x8 src\stm32f4_discovery.o
                0x0801b5c0                GPIO_PIN
 .rodata.GPIO_CLK
                0x0801b5c8       0x10 src\stm32f4_discovery.o
                0x0801b5c8                GPIO_CLK
                0x0801b5d8                . = ALIGN (0x4)

.rel.dyn        0x0801b5d8        0x0
 .rel.iplt      0x0801b5d8        0x0 c:/program files (x86)/atollic/truestudio for stm32 9.3.0/armtools/bin/../lib/gcc/arm-atollic-eabi/6.3.1/armv7e-m/fpu/crtbegin.o

.ARM.extab
 *(.ARM.extab* .gnu.linkonce.armextab.*)

.ARM            0x0801b5d8        0x0
                0x0801b5d8                __exidx_start = .
 *(.ARM.exidx*)
                0x0801b5d8                __exidx_end = .

.preinit_array  0x0801b5d8        0x0
                [!provide]                PROVIDE (__preinit_array_start, .)
 *(.preinit_array*)
                [!provide]                PROVIDE (__preinit_array_end, .)

.init_array     0x0801b5d8        0x4
                [!provide]                PROVIDE (__init_array_start, .)
 *(SORT(.init_array.*))
 *(.init_array*)
 .init_array    0x0801b5d8        0x4 c:/program files (x86)/atollic/truestudio for stm32 9.3.0/armtools/bin/../lib/gcc/arm-atollic-eabi/6.3.1/armv7e-m/fpu/crtbegin.o
                [!provide]                PROVIDE (__init_array_end, .)

.fini_array     0x0801b5dc        0x4
                [!provide]                PROVIDE (__fini_array_start, .)
 *(SORT(.fini_array.*))
 *(.fini_array*)
 .fini_array    0x0801b5dc        0x4 c:/program files (x86)/atollic/truestudio for stm32 9.3.0/armtools/bin/../lib/gcc/arm-atollic-eabi/6.3.1/armv7e-m/fpu/crtbegin.o
                [!provide]                PROVIDE (__fini_array_end, .)
                0x0801b5e0                _sidata = LOADADDR (.data)

.data           0x20000000       0x5c load address 0x0801b5e0
                0x20000000                . = ALIGN (0x4)
                0x20000000                _sdata = .
 *(.data)
 *(.data*)
 .data.uxCriticalNesting
                0x20000000        0x4 FreeRTOS\portable\GCC\ARM_CM4F\port.o
 .data.SystemCoreClock
                0x20000004        0x4 cmsis_boot\system_stm32f4xx.o
                0x20000004                SystemCoreClock
 .data.APBAHBPrescTable
                0x20000008       0x10 cmsis_lib\source\stm32f4xx_rcc.o
 .data.g_pcSSIExtensions
                0x20000018       0x10 lwip\apps\http\httpd.o
                0x20000018                g_pcSSIExtensions
 .data.ADC_not_configured
                0x20000028        0x4 lwip\apps\http\httpd_cgi_ssi.o
                0x20000028                ADC_not_configured
 .data.TAGCHAR  0x2000002c        0x4 lwip\apps\http\httpd_cgi_ssi.o
                0x2000002c                TAGCHAR
 .data.TAGCHAR2
                0x20000030        0x4 lwip\apps\http\httpd_cgi_ssi.o
                0x20000030                TAGCHAR2
 .data.TAGS     0x20000034        0x8 lwip\apps\http\httpd_cgi_ssi.o
                0x20000034                TAGS
 .data.xid.7106
                0x2000003c        0x4 lwip\core\dhcp.o
 .data.port.7141
                0x20000040        0x2 lwip\core\tcp.o
 *fill*         0x20000042        0x2 
 .data.iss.7291
                0x20000044        0x4 lwip\core\tcp.o
 .data.GPIO_PORT
                0x20000048       0x10 src\stm32f4_discovery.o
                0x20000048                GPIO_PORT
 .data.BUTTON_PORT
                0x20000058        0x4 src\stm32f4_discovery.o
                0x20000058                BUTTON_PORT
                0x2000005c                . = ALIGN (0x4)
                0x2000005c                _edata = .
                0x0801be3c                _siccmram = LOADADDR (.ccmram)

.igot.plt       0x2000005c        0x0 load address 0x0801b63c
 .igot.plt      0x2000005c        0x0 c:/program files (x86)/atollic/truestudio for stm32 9.3.0/armtools/bin/../lib/gcc/arm-atollic-eabi/6.3.1/armv7e-m/fpu/crtbegin.o

.co_stack       0x2000005c      0x800 load address 0x0801b63c
 .co_stack      0x2000005c      0x800 startup\startup_stm32f4xx.o
                0x2000005c                pulStack

.ccmram         0x10000000        0x0 load address 0x0801be3c
                0x10000000                . = ALIGN (0x4)
                0x10000000                _sccmram = .
 *(.ccmram)
 *(.ccmram*)
                0x10000000                . = ALIGN (0x4)
                0x10000000                _eccmram = .
                0x10000000                . = ALIGN (0x4)

.bss            0x2000085c     0x9b38
                0x2000085c                _sbss = .
                0x2000085c                __bss_start__ = _sbss
 *(.bss)
 .bss           0x2000085c       0x1c c:/program files (x86)/atollic/truestudio for stm32 9.3.0/armtools/bin/../lib/gcc/arm-atollic-eabi/6.3.1/armv7e-m/fpu/crtbegin.o
 *(.bss*)
 .bss.ucMaxSysCallPriority
                0x20000878        0x1 FreeRTOS\portable\GCC\ARM_CM4F\port.o
 *fill*         0x20000879        0x3 
 .bss.ulMaxPRIGROUPValue
                0x2000087c        0x4 FreeRTOS\portable\GCC\ARM_CM4F\port.o
 .bss.temporizado.5684
                0x20000880        0x4 FreeRTOS\portable\GCC\ARM_CM4F\port.o
 .bss.ucHeap    0x20000884     0x1c00 FreeRTOS\portable\MemMang\heap_1.o
 .bss.xNextFreeByte
                0x20002484        0x4 FreeRTOS\portable\MemMang\heap_1.o
 .bss.pucAlignedHeap.6221
                0x20002488        0x4 FreeRTOS\portable\MemMang\heap_1.o
 .bss.pxCurrentTCB
                0x2000248c        0x4 FreeRTOS\tasks.o
                0x2000248c                pxCurrentTCB
 .bss.pxReadyTasksLists
                0x20002490       0x64 FreeRTOS\tasks.o
 .bss.xDelayedTaskList1
                0x200024f4       0x14 FreeRTOS\tasks.o
 .bss.xDelayedTaskList2
                0x20002508       0x14 FreeRTOS\tasks.o
 .bss.pxDelayedTaskList
                0x2000251c        0x4 FreeRTOS\tasks.o
 .bss.pxOverflowDelayedTaskList
                0x20002520        0x4 FreeRTOS\tasks.o
 .bss.xPendingReadyList
                0x20002524       0x14 FreeRTOS\tasks.o
 .bss.xTasksWaitingTermination
                0x20002538       0x14 FreeRTOS\tasks.o
 .bss.uxDeletedTasksWaitingCleanUp
                0x2000254c        0x4 FreeRTOS\tasks.o
 .bss.xSuspendedTaskList
                0x20002550       0x14 FreeRTOS\tasks.o
 .bss.uxCurrentNumberOfTasks
                0x20002564        0x4 FreeRTOS\tasks.o
 .bss.xTickCount
                0x20002568        0x4 FreeRTOS\tasks.o
 .bss.uxTopReadyPriority
                0x2000256c        0x4 FreeRTOS\tasks.o
 .bss.xSchedulerRunning
                0x20002570        0x4 FreeRTOS\tasks.o
 .bss.uxPendedTicks
                0x20002574        0x4 FreeRTOS\tasks.o
 .bss.xYieldPending
                0x20002578        0x4 FreeRTOS\tasks.o
 .bss.xNumOfOverflows
                0x2000257c        0x4 FreeRTOS\tasks.o
 .bss.uxTaskNumber
                0x20002580        0x4 FreeRTOS\tasks.o
 .bss.xNextTaskUnblockTime
                0x20002584        0x4 FreeRTOS\tasks.o
 .bss.xIdleTaskHandle
                0x20002588        0x4 FreeRTOS\tasks.o
 .bss.uxSchedulerSuspended
                0x2000258c        0x4 FreeRTOS\tasks.o
 .bss.xActiveTimerList1
                0x20002590       0x14 FreeRTOS\timers.o
 .bss.xActiveTimerList2
                0x200025a4       0x14 FreeRTOS\timers.o
 .bss.pxCurrentTimerList
                0x200025b8        0x4 FreeRTOS\timers.o
 .bss.pxOverflowTimerList
                0x200025bc        0x4 FreeRTOS\timers.o
 .bss.xTimerQueue
                0x200025c0        0x4 FreeRTOS\timers.o
 .bss.xTimerTaskHandle
                0x200025c4        0x4 FreeRTOS\timers.o
 .bss.xLastTime.6512
                0x200025c8        0x4 FreeRTOS\timers.o
 .bss.EthInitStatus
                0x200025cc        0x4 STM32F4x7_ETH_Driver\src\stm32f4x7_eth_bsp.o
                0x200025cc                EthInitStatus
 .bss.EthLinkStatus
                0x200025d0        0x1 STM32F4x7_ETH_Driver\src\stm32f4x7_eth_bsp.o
                0x200025d0                EthLinkStatus
 *fill*         0x200025d1        0x3 
 .bss.httpd_req_buf
                0x200025d4      0x400 lwip\apps\http\httpd.o
 .bss.g_pfnSSIHandler
                0x200029d4        0x4 lwip\apps\http\httpd.o
                0x200029d4                g_pfnSSIHandler
 .bss.g_iNumTags
                0x200029d8        0x4 lwip\apps\http\httpd.o
                0x200029d8                g_iNumTags
 .bss.g_ppcTags
                0x200029dc        0x4 lwip\apps\http\httpd.o
                0x200029dc                g_ppcTags
 .bss.g_pCGIs   0x200029e0        0x4 lwip\apps\http\httpd.o
                0x200029e0                g_pCGIs
 .bss.g_iNumCGIs
                0x200029e4        0x4 lwip\apps\http\httpd.o
                0x200029e4                g_iNumCGIs
 .bss.ip_id.7218
                0x200029e8        0x2 lwip\core\ipv4\ip.o
 *fill*         0x200029ea        0x2 
 .bss.reassdatagrams
                0x200029ec        0x4 lwip\core\ipv4\ip_frag.o
 .bss.ip_reass_pbufcount
                0x200029f0        0x2 lwip\core\ipv4\ip_frag.o
 *fill*         0x200029f2        0x2 
 .bss.buf       0x200029f4      0x5e0 lwip\core\ipv4\ip_frag.o
 .bss.ram_heap  0x20002fd4     0x2814 lwip\core\mem.o
 .bss.ram       0x200057e8        0x4 lwip\core\mem.o
 .bss.ram_end   0x200057ec        0x4 lwip\core\mem.o
 .bss.lfree     0x200057f0        0x4 lwip\core\mem.o
 .bss.mem_sem   0x200057f4        0x1 lwip\core\mem.o
 *fill*         0x200057f5        0x3 
 .bss.memp_tab  0x200057f8       0x24 lwip\core\memp.o
 .bss.memp_memory
                0x2000581c     0x2413 lwip\core\memp.o
 .bss.netifnum.7003
                0x20007c2f        0x1 lwip\core\netif.o
 .bss.raw_pcbs  0x20007c30        0x4 lwip\core\raw.o
 .bss.tcp_timer
                0x20007c34        0x1 lwip\core\tcp.o
 *fill*         0x20007c35        0x3 
 .bss.inseg     0x20007c38       0x14 lwip\core\tcp_in.o
 .bss.tcphdr    0x20007c4c        0x4 lwip\core\tcp_in.o
 .bss.iphdr     0x20007c50        0x4 lwip\core\tcp_in.o
 .bss.seqno     0x20007c54        0x4 lwip\core\tcp_in.o
 .bss.ackno     0x20007c58        0x4 lwip\core\tcp_in.o
 .bss.flags     0x20007c5c        0x1 lwip\core\tcp_in.o
 *fill*         0x20007c5d        0x1 
 .bss.tcplen    0x20007c5e        0x2 lwip\core\tcp_in.o
 .bss.recv_flags
                0x20007c60        0x1 lwip\core\tcp_in.o
 *fill*         0x20007c61        0x3 
 .bss.recv_data
                0x20007c64        0x4 lwip\core\tcp_in.o
 .bss.TCPTimer  0x20007c68        0x4 lwip\netconf.o
                0x20007c68                TCPTimer
 .bss.ARPTimer  0x20007c6c        0x4 lwip\netconf.o
                0x20007c6c                ARPTimer
 .bss.arp_table
                0x20007c70       0xc8 lwip\netif\etharp.o
 .bss.etharp_cached_entry
                0x20007d38        0x1 lwip\netif\etharp.o
 *fill*         0x20007d39        0x3 
 .bss.LocalTime
                0x20007d3c        0x4 src\main.o
                0x20007d3c                LocalTime
 .bss.i.8970    0x20007d40        0x4 src\main.o
 *(COMMON)
 COMMON         0x20007d44       0x40 FreeRTOS\queue.o
                0x20007d44                xQueueRegistry
 COMMON         0x20007d84     0x2494 STM32F4x7_ETH_Driver\src\stm32f4x7_eth.o
                0x20007d84                RX_Frame_Descriptor
                0x20007d90                DMARxDescToGet
                0x20007d94                DMATxDescToSet
                0x20007d98                DMATxDscrTab
                0x20007dd8                Rx_Buff
                0x200095a8                Frame_Rx_index
                0x200095ac                DMA_RX_FRAME_infos
                0x200095b0                DMARxDscrTab
                0x20009630                Tx_Buff
 COMMON         0x2000a218       0xf0 lwip\apps\http\fs.o
                0x2000a218                fs_memory
 COMMON         0x2000a308        0xc lwip\apps\http\httpd_cgi_ssi.o
                0x2000a308                ADC_Page_SSI_Handler
                0x2000a30c                CGI_TAB
 COMMON         0x2000a314        0x8 lwip\core\ipv4\ip.o
                0x2000a314                current_netif
                0x2000a318                current_header
 COMMON         0x2000a31c        0x8 lwip\core\netif.o
                0x2000a31c                netif_list
                0x2000a320                netif_default
 COMMON         0x2000a324       0x18 lwip\core\tcp.o
                0x2000a324                tcp_active_pcbs
                0x2000a328                tcp_ticks
                0x2000a32c                tcp_listen_pcbs
                0x2000a330                tcp_tmp_pcb
                0x2000a334                tcp_bound_pcbs
                0x2000a338                tcp_tw_pcbs
 COMMON         0x2000a33c        0x4 lwip\core\tcp_in.o
                0x2000a33c                tcp_input_pcb
 COMMON         0x2000a340        0x4 lwip\core\udp.o
                0x2000a340                udp_pcbs
 COMMON         0x2000a344       0x38 lwip\netconf.o
                0x2000a344                netif
 COMMON         0x2000a37c       0x14 src\main.o
                0x2000a37c                RCC_Clocks
                0x2000a38c                timingdelay
 COMMON         0x2000a390        0x4 src\udp_echoserver.o
                0x2000a390                client_upcb
                0x2000a394                . = ALIGN (0x4)
                0x2000a394                _ebss = .
                0x2000a394                __bss_end__ = _ebss

._user_heap_stack
                0x2000a394      0x400
                0x2000a394                . = ALIGN (0x4)
                [!provide]                PROVIDE (end, .)
                0x2000a394                PROVIDE (_end, .)
                0x2000a394                . = (. + _Min_Heap_Size)
                0x2000a794                . = (. + _Min_Stack_Size)
 *fill*         0x2000a394      0x400 
                0x2000a794                . = ALIGN (0x4)

.memory_b1_text
 *(.mb1text)
 *(.mb1text*)
 *(.mb1rodata)
 *(.mb1rodata*)

/DISCARD/
 libc.a(*)
 libm.a(*)
 libgcc.a(*)

.ARM.attributes
                0x00000000       0x30
 *(.ARM.attributes)
 .ARM.attributes
                0x00000000       0x22 c:/program files (x86)/atollic/truestudio for stm32 9.3.0/armtools/bin/../lib/gcc/arm-atollic-eabi/6.3.1/armv7e-m/fpu/crti.o
 .ARM.attributes
                0x00000022       0x34 c:/program files (x86)/atollic/truestudio for stm32 9.3.0/armtools/bin/../lib/gcc/arm-atollic-eabi/6.3.1/armv7e-m/fpu/crtbegin.o
 .ARM.attributes
                0x00000056       0x39 FreeRTOS\list.o
 .ARM.attributes
                0x0000008f       0x39 FreeRTOS\portable\GCC\ARM_CM4F\port.o
 .ARM.attributes
                0x000000c8       0x39 FreeRTOS\portable\MemMang\heap_1.o
 .ARM.attributes
                0x00000101       0x39 FreeRTOS\queue.o
 .ARM.attributes
                0x0000013a       0x39 FreeRTOS\tasks.o
 .ARM.attributes
                0x00000173       0x39 FreeRTOS\timers.o
 .ARM.attributes
                0x000001ac       0x39 STM32F4x7_ETH_Driver\src\stm32f4x7_eth.o
 .ARM.attributes
                0x000001e5       0x39 STM32F4x7_ETH_Driver\src\stm32f4x7_eth_bsp.o
 .ARM.attributes
                0x0000021e       0x39 cmsis_boot\system_stm32f4xx.o
 .ARM.attributes
                0x00000257       0x39 cmsis_lib\source\misc.o
 .ARM.attributes
                0x00000290       0x39 cmsis_lib\source\stm32f4xx_adc.o
 .ARM.attributes
                0x000002c9       0x39 cmsis_lib\source\stm32f4xx_exti.o
 .ARM.attributes
                0x00000302       0x39 cmsis_lib\source\stm32f4xx_gpio.o
 .ARM.attributes
                0x0000033b       0x39 cmsis_lib\source\stm32f4xx_rcc.o
 .ARM.attributes
                0x00000374       0x39 cmsis_lib\source\stm32f4xx_syscfg.o
 .ARM.attributes
                0x000003ad       0x39 lwip\apps\http\fs.o
 .ARM.attributes
                0x000003e6       0x39 lwip\apps\http\httpd.o
 .ARM.attributes
                0x0000041f       0x39 lwip\apps\http\httpd_cgi_ssi.o
 .ARM.attributes
                0x00000458       0x39 lwip\core\dhcp.o
 .ARM.attributes
                0x00000491       0x39 lwip\core\ipv4\autoip.o
 .ARM.attributes
                0x000004ca       0x39 lwip\core\ipv4\icmp.o
 .ARM.attributes
                0x00000503       0x39 lwip\core\ipv4\inet.o
 .ARM.attributes
                0x0000053c       0x39 lwip\core\ipv4\inet_chksum.o
 .ARM.attributes
                0x00000575       0x39 lwip\core\ipv4\ip.o
 .ARM.attributes
                0x000005ae       0x39 lwip\core\ipv4\ip_addr.o
 .ARM.attributes
                0x000005e7       0x39 lwip\core\ipv4\ip_frag.o
 .ARM.attributes
                0x00000620       0x39 lwip\core\mem.o
 .ARM.attributes
                0x00000659       0x39 lwip\core\memp.o
 .ARM.attributes
                0x00000692       0x39 lwip\core\netif.o
 .ARM.attributes
                0x000006cb       0x39 lwip\core\pbuf.o
 .ARM.attributes
                0x00000704       0x39 lwip\core\raw.o
 .ARM.attributes
                0x0000073d       0x39 lwip\core\tcp.o
 .ARM.attributes
                0x00000776       0x39 lwip\core\tcp_in.o
 .ARM.attributes
                0x000007af       0x39 lwip\core\tcp_out.o
 .ARM.attributes
                0x000007e8       0x39 lwip\core\udp.o
 .ARM.attributes
                0x00000821       0x39 lwip\ethernetif.o
 .ARM.attributes
                0x0000085a       0x39 lwip\netconf.o
 .ARM.attributes
                0x00000893       0x39 lwip\netif\etharp.o
 .ARM.attributes
                0x000008cc       0x39 src\main.o
 .ARM.attributes
                0x00000905       0x39 src\stm32f4_discovery.o
 .ARM.attributes
                0x0000093e       0x39 src\stm32f4xx_it.o
 .ARM.attributes
                0x00000977       0x39 src\tiny_printf.o
 .ARM.attributes
                0x000009b0       0x39 src\udp_echoserver.o
 .ARM.attributes
                0x000009e9       0x39 startup\startup_stm32f4xx.o
 .ARM.attributes
                0x00000a22       0x39 syscalls\syscalls.o
 .ARM.attributes
                0x00000a5b       0x34 c:/program files (x86)/atollic/truestudio for stm32 9.3.0/armtools/bin/../lib/gcc/arm-atollic-eabi/6.3.1/../../../../arm-atollic-eabi/lib/armv7e-m/fpu\libc_nano.a(lib_a-memcmp.o)
 .ARM.attributes
                0x00000a8f       0x34 c:/program files (x86)/atollic/truestudio for stm32 9.3.0/armtools/bin/../lib/gcc/arm-atollic-eabi/6.3.1/../../../../arm-atollic-eabi/lib/armv7e-m/fpu\libc_nano.a(lib_a-memcpy-stub.o)
 .ARM.attributes
                0x00000ac3       0x34 c:/program files (x86)/atollic/truestudio for stm32 9.3.0/armtools/bin/../lib/gcc/arm-atollic-eabi/6.3.1/../../../../arm-atollic-eabi/lib/armv7e-m/fpu\libc_nano.a(lib_a-memset.o)
 .ARM.attributes
                0x00000af7       0x34 c:/program files (x86)/atollic/truestudio for stm32 9.3.0/armtools/bin/../lib/gcc/arm-atollic-eabi/6.3.1/../../../../arm-atollic-eabi/lib/armv7e-m/fpu\libc_nano.a(lib_a-strchr.o)
 .ARM.attributes
                0x00000b2b       0x20 c:/program files (x86)/atollic/truestudio for stm32 9.3.0/armtools/bin/../lib/gcc/arm-atollic-eabi/6.3.1/../../../../arm-atollic-eabi/lib/armv7e-m/fpu\libc_nano.a(lib_a-strcmp.o)
 .ARM.attributes
                0x00000b4b       0x34 c:/program files (x86)/atollic/truestudio for stm32 9.3.0/armtools/bin/../lib/gcc/arm-atollic-eabi/6.3.1/../../../../arm-atollic-eabi/lib/armv7e-m/fpu\libc_nano.a(lib_a-strcpy.o)
 .ARM.attributes
                0x00000b7f       0x1b c:/program files (x86)/atollic/truestudio for stm32 9.3.0/armtools/bin/../lib/gcc/arm-atollic-eabi/6.3.1/../../../../arm-atollic-eabi/lib/armv7e-m/fpu\libc_nano.a(lib_a-strlen.o)
 .ARM.attributes
                0x00000b9a       0x34 c:/program files (x86)/atollic/truestudio for stm32 9.3.0/armtools/bin/../lib/gcc/arm-atollic-eabi/6.3.1/../../../../arm-atollic-eabi/lib/armv7e-m/fpu\libc_nano.a(lib_a-strncmp.o)
 .ARM.attributes
                0x00000bce       0x34 c:/program files (x86)/atollic/truestudio for stm32 9.3.0/armtools/bin/../lib/gcc/arm-atollic-eabi/6.3.1/../../../../arm-atollic-eabi/lib/armv7e-m/fpu\libc_nano.a(lib_a-strstr.o)
 .ARM.attributes
                0x00000c02       0x22 c:/program files (x86)/atollic/truestudio for stm32 9.3.0/armtools/bin/../lib/gcc/arm-atollic-eabi/6.3.1/armv7e-m/fpu\libgcc.a(_arm_addsubdf3.o)
 .ARM.attributes
                0x00000c24       0x22 c:/program files (x86)/atollic/truestudio for stm32 9.3.0/armtools/bin/../lib/gcc/arm-atollic-eabi/6.3.1/armv7e-m/fpu\libgcc.a(_arm_muldivdf3.o)
 .ARM.attributes
                0x00000c46       0x22 c:/program files (x86)/atollic/truestudio for stm32 9.3.0/armtools/bin/../lib/gcc/arm-atollic-eabi/6.3.1/armv7e-m/fpu\libgcc.a(_arm_fixunsdfsi.o)
 .ARM.attributes
                0x00000c68       0x22 c:/program files (x86)/atollic/truestudio for stm32 9.3.0/armtools/bin/../lib/gcc/arm-atollic-eabi/6.3.1/armv7e-m/fpu/crtn.o
OUTPUT(Discovery-FreeRTOS-LwIP-DP83848.elf elf32-littlearm)

.debug_info     0x00000000    0x2c39f
 .debug_info    0x00000000      0xac3 FreeRTOS\list.o
 .debug_info    0x00000ac3      0x539 FreeRTOS\portable\GCC\ARM_CM4F\port.o
 .debug_info    0x00000ffc      0x9d8 FreeRTOS\portable\MemMang\heap_1.o
 .debug_info    0x000019d4     0x1b75 FreeRTOS\queue.o
 .debug_info    0x00003549     0x220c FreeRTOS\tasks.o
 .debug_info    0x00005755     0x136a FreeRTOS\timers.o
 .debug_info    0x00006abf     0x2152 STM32F4x7_ETH_Driver\src\stm32f4x7_eth.o
 .debug_info    0x00008c11      0xd14 STM32F4x7_ETH_Driver\src\stm32f4x7_eth_bsp.o
 .debug_info    0x00009925      0x5d0 cmsis_boot\system_stm32f4xx.o
 .debug_info    0x00009ef5      0x54d cmsis_lib\source\misc.o
 .debug_info    0x0000a442      0xc4f cmsis_lib\source\stm32f4xx_adc.o
 .debug_info    0x0000b091      0x366 cmsis_lib\source\stm32f4xx_exti.o
 .debug_info    0x0000b3f7      0x625 cmsis_lib\source\stm32f4xx_gpio.o
 .debug_info    0x0000ba1c      0xc72 cmsis_lib\source\stm32f4xx_rcc.o
 .debug_info    0x0000c68e      0x283 cmsis_lib\source\stm32f4xx_syscfg.o
 .debug_info    0x0000c911      0xd01 lwip\apps\http\fs.o
 .debug_info    0x0000d612     0x1c3e lwip\apps\http\httpd.o
 .debug_info    0x0000f250     0x17ad lwip\apps\http\httpd_cgi_ssi.o
 .debug_info    0x000109fd     0x194e lwip\core\dhcp.o
 .debug_info    0x0001234b      0xfe0 lwip\core\ipv4\autoip.o
 .debug_info    0x0001332b      0xedf lwip\core\ipv4\icmp.o
 .debug_info    0x0001420a      0xaed lwip\core\ipv4\inet.o
 .debug_info    0x00014cf7      0xada lwip\core\ipv4\inet_chksum.o
 .debug_info    0x000157d1     0x16db lwip\core\ipv4\ip.o
 .debug_info    0x00016eac      0xb3a lwip\core\ipv4\ip_addr.o
 .debug_info    0x000179e6     0x11e9 lwip\core\ipv4\ip_frag.o
 .debug_info    0x00018bcf      0xb5c lwip\core\mem.o
 .debug_info    0x0001972b     0x13ca lwip\core\memp.o
 .debug_info    0x0001aaf5     0x1777 lwip\core\netif.o
 .debug_info    0x0001c26c      0xe8e lwip\core\pbuf.o
 .debug_info    0x0001d0fa      0xfd0 lwip\core\raw.o
 .debug_info    0x0001e0ca     0x1bda lwip\core\tcp.o
 .debug_info    0x0001fca4     0x152b lwip\core\tcp_in.o
 .debug_info    0x000211cf     0x1791 lwip\core\tcp_out.o
 .debug_info    0x00022960     0x1355 lwip\core\udp.o
 .debug_info    0x00023cb5     0x13be lwip\ethernetif.o
 .debug_info    0x00025073     0x1585 lwip\netconf.o
 .debug_info    0x000265f8     0x177e lwip\netif\etharp.o
 .debug_info    0x00027d76      0xd3c src\main.o
 .debug_info    0x00028ab2      0xb35 src\stm32f4_discovery.o
 .debug_info    0x000295e7      0x14c src\stm32f4xx_it.o
 .debug_info    0x00029733      0xb55 src\tiny_printf.o
 .debug_info    0x0002a288     0x1380 src\udp_echoserver.o
 .debug_info    0x0002b608      0x113 startup\startup_stm32f4xx.o
 .debug_info    0x0002b71b      0xc84 syscalls\syscalls.o

.debug_abbrev   0x00000000     0x62f3
 .debug_abbrev  0x00000000      0x1c5 FreeRTOS\list.o
 .debug_abbrev  0x000001c5      0x1eb FreeRTOS\portable\GCC\ARM_CM4F\port.o
 .debug_abbrev  0x000003b0      0x234 FreeRTOS\portable\MemMang\heap_1.o
 .debug_abbrev  0x000005e4      0x2d4 FreeRTOS\queue.o
 .debug_abbrev  0x000008b8      0x351 FreeRTOS\tasks.o
 .debug_abbrev  0x00000c09      0x288 FreeRTOS\timers.o
 .debug_abbrev  0x00000e91      0x2f3 STM32F4x7_ETH_Driver\src\stm32f4x7_eth.o
 .debug_abbrev  0x00001184      0x221 STM32F4x7_ETH_Driver\src\stm32f4x7_eth_bsp.o
 .debug_abbrev  0x000013a5      0x158 cmsis_boot\system_stm32f4xx.o
 .debug_abbrev  0x000014fd      0x172 cmsis_lib\source\misc.o
 .debug_abbrev  0x0000166f      0x1ab cmsis_lib\source\stm32f4xx_adc.o
 .debug_abbrev  0x0000181a      0x1bc cmsis_lib\source\stm32f4xx_exti.o
 .debug_abbrev  0x000019d6      0x1b8 cmsis_lib\source\stm32f4xx_gpio.o
 .debug_abbrev  0x00001b8e      0x1f8 cmsis_lib\source\stm32f4xx_rcc.o
 .debug_abbrev  0x00001d86      0x146 cmsis_lib\source\stm32f4xx_syscfg.o
 .debug_abbrev  0x00001ecc      0x247 lwip\apps\http\fs.o
 .debug_abbrev  0x00002113      0x2c5 lwip\apps\http\httpd.o
 .debug_abbrev  0x000023d8      0x252 lwip\apps\http\httpd_cgi_ssi.o
 .debug_abbrev  0x0000262a      0x2c3 lwip\core\dhcp.o
 .debug_abbrev  0x000028ed      0x243 lwip\core\ipv4\autoip.o
 .debug_abbrev  0x00002b30      0x25f lwip\core\ipv4\icmp.o
 .debug_abbrev  0x00002d8f      0x22e lwip\core\ipv4\inet.o
 .debug_abbrev  0x00002fbd      0x207 lwip\core\ipv4\inet_chksum.o
 .debug_abbrev  0x000031c4      0x26b lwip\core\ipv4\ip.o
 .debug_abbrev  0x0000342f      0x19e lwip\core\ipv4\ip_addr.o
 .debug_abbrev  0x000035cd      0x299 lwip\core\ipv4\ip_frag.o
 .debug_abbrev  0x00003866      0x256 lwip\core\mem.o
 .debug_abbrev  0x00003abc      0x240 lwip\core\memp.o
 .debug_abbrev  0x00003cfc      0x2c6 lwip\core\netif.o
 .debug_abbrev  0x00003fc2      0x26e lwip\core\pbuf.o
 .debug_abbrev  0x00004230      0x271 lwip\core\raw.o
 .debug_abbrev  0x000044a1      0x350 lwip\core\tcp.o
 .debug_abbrev  0x000047f1      0x258 lwip\core\tcp_in.o
 .debug_abbrev  0x00004a49      0x2b3 lwip\core\tcp_out.o
 .debug_abbrev  0x00004cfc      0x294 lwip\core\udp.o
 .debug_abbrev  0x00004f90      0x275 lwip\ethernetif.o
 .debug_abbrev  0x00005205      0x20d lwip\netconf.o
 .debug_abbrev  0x00005412      0x2aa lwip\netif\etharp.o
 .debug_abbrev  0x000056bc      0x29a src\main.o
 .debug_abbrev  0x00005956      0x204 src\stm32f4_discovery.o
 .debug_abbrev  0x00005b5a       0xb1 src\stm32f4xx_it.o
 .debug_abbrev  0x00005c0b      0x214 src\tiny_printf.o
 .debug_abbrev  0x00005e1f      0x23c src\udp_echoserver.o
 .debug_abbrev  0x0000605b       0xc1 startup\startup_stm32f4xx.o
 .debug_abbrev  0x0000611c      0x1d7 syscalls\syscalls.o

.debug_aranges  0x00000000     0x1760
 .debug_aranges
                0x00000000       0x40 FreeRTOS\list.o
 .debug_aranges
                0x00000040       0x80 FreeRTOS\portable\GCC\ARM_CM4F\port.o
 .debug_aranges
                0x000000c0       0x38 FreeRTOS\portable\MemMang\heap_1.o
 .debug_aranges
                0x000000f8      0x100 FreeRTOS\queue.o
 .debug_aranges
                0x000001f8      0x1a0 FreeRTOS\tasks.o
 .debug_aranges
                0x00000398       0xb8 FreeRTOS\timers.o
 .debug_aranges
                0x00000450      0x2b8 STM32F4x7_ETH_Driver\src\stm32f4x7_eth.o
 .debug_aranges
                0x00000708       0x58 STM32F4x7_ETH_Driver\src\stm32f4x7_eth_bsp.o
 .debug_aranges
                0x00000760       0x30 cmsis_boot\system_stm32f4xx.o
 .debug_aranges
                0x00000790       0x40 cmsis_lib\source\misc.o
 .debug_aranges
                0x000007d0      0x148 cmsis_lib\source\stm32f4xx_adc.o
 .debug_aranges
                0x00000918       0x58 cmsis_lib\source\stm32f4xx_exti.o
 .debug_aranges
                0x00000970       0x88 cmsis_lib\source\stm32f4xx_gpio.o
 .debug_aranges
                0x000009f8      0x178 cmsis_lib\source\stm32f4xx_rcc.o
 .debug_aranges
                0x00000b70       0x48 cmsis_lib\source\stm32f4xx_syscfg.o
 .debug_aranges
                0x00000bb8       0x48 lwip\apps\http\fs.o
 .debug_aranges
                0x00000c00       0xc0 lwip\apps\http\httpd.o
 .debug_aranges
                0x00000cc0       0x40 lwip\apps\http\httpd_cgi_ssi.o
 .debug_aranges
                0x00000d00      0x138 lwip\core\dhcp.o
 .debug_aranges
                0x00000e38       0x78 lwip\core\ipv4\autoip.o
 .debug_aranges
                0x00000eb0       0x38 lwip\core\ipv4\icmp.o
 .debug_aranges
                0x00000ee8       0x50 lwip\core\ipv4\inet.o
 .debug_aranges
                0x00000f38       0x38 lwip\core\ipv4\inet_chksum.o
 .debug_aranges
                0x00000f70       0x40 lwip\core\ipv4\ip.o
 .debug_aranges
                0x00000fb0       0x20 lwip\core\ipv4\ip_addr.o
 .debug_aranges
                0x00000fd0       0x58 lwip\core\ipv4\ip_frag.o
 .debug_aranges
                0x00001028       0x48 lwip\core\mem.o
 .debug_aranges
                0x00001070       0x30 lwip\core\memp.o
 .debug_aranges
                0x000010a0       0x70 lwip\core\netif.o
 .debug_aranges
                0x00001110       0x80 lwip\core\pbuf.o
 .debug_aranges
                0x00001190       0x58 lwip\core\raw.o
 .debug_aranges
                0x000011e8      0x138 lwip\core\tcp.o
 .debug_aranges
                0x00001320       0x48 lwip\core\tcp_in.o
 .debug_aranges
                0x00001368       0x80 lwip\core\tcp_out.o
 .debug_aranges
                0x000013e8       0x70 lwip\core\udp.o
 .debug_aranges
                0x00001458       0x40 lwip\ethernetif.o
 .debug_aranges
                0x00001498       0x30 lwip\netconf.o
 .debug_aranges
                0x000014c8       0x80 lwip\netif\etharp.o
 .debug_aranges
                0x00001548       0x70 src\main.o
 .debug_aranges
                0x000015b8       0x50 src\stm32f4_discovery.o
 .debug_aranges
                0x00001608       0x50 src\stm32f4xx_it.o
 .debug_aranges
                0x00001658       0x48 src\tiny_printf.o
 .debug_aranges
                0x000016a0       0x38 src\udp_echoserver.o
 .debug_aranges
                0x000016d8       0x28 startup\startup_stm32f4xx.o
 .debug_aranges
                0x00001700       0x60 syscalls\syscalls.o

.debug_ranges   0x00000000     0x14d8
 .debug_ranges  0x00000000       0x30 FreeRTOS\list.o
 .debug_ranges  0x00000030       0x70 FreeRTOS\portable\GCC\ARM_CM4F\port.o
 .debug_ranges  0x000000a0       0x28 FreeRTOS\portable\MemMang\heap_1.o
 .debug_ranges  0x000000c8       0xf0 FreeRTOS\queue.o
 .debug_ranges  0x000001b8      0x190 FreeRTOS\tasks.o
 .debug_ranges  0x00000348       0xa8 FreeRTOS\timers.o
 .debug_ranges  0x000003f0      0x2a8 STM32F4x7_ETH_Driver\src\stm32f4x7_eth.o
 .debug_ranges  0x00000698       0x48 STM32F4x7_ETH_Driver\src\stm32f4x7_eth_bsp.o
 .debug_ranges  0x000006e0       0x20 cmsis_boot\system_stm32f4xx.o
 .debug_ranges  0x00000700       0x30 cmsis_lib\source\misc.o
 .debug_ranges  0x00000730      0x138 cmsis_lib\source\stm32f4xx_adc.o
 .debug_ranges  0x00000868       0x48 cmsis_lib\source\stm32f4xx_exti.o
 .debug_ranges  0x000008b0       0x78 cmsis_lib\source\stm32f4xx_gpio.o
 .debug_ranges  0x00000928      0x168 cmsis_lib\source\stm32f4xx_rcc.o