httpd.c:377:14:strnstr	32	static
httpd.c:394:27:http_state_alloc	16	static
httpd.c:416:13:http_state_free	16	static
httpd.c:452:14:http_write	32	static
httpd.c:483:13:http_close_conn	24	static
httpd.c:525:12:extract_uri_parameters	32	static
httpd.c:593:13:get_tag_insert	24	static
httpd.c:744:13:http_send_data	32	static
httpd.c:1317:25:http_get_404_file	24	static
httpd.c:1539:14:http_parse_request	64	static
httpd.c:1705:14:http_find_file	56	static
httpd.c:1820:14:http_init_file	32	static
httpd.c:1876:13:http_err	24	static
httpd.c:1892:14:http_sent	32	static
httpd.c:1918:14:http_poll	24	static
httpd.c:1957:14:http_recv	32	static
httpd.c:2044:14:http_accept	32	static
httpd.c:2080:13:httpd_init_addr	24	static
httpd.c:2103:6:httpd_init	8	static
httpd.c:2127:6:http_set_ssi_handler	24	static
httpd.c:2149:6:http_set_cgi_handlers	16	static
