stm32f4x7_eth.c:132:13:ETH_Delay	24	static
stm32f4x7_eth.c:152:6:ETH_DeInit	8	static
stm32f4x7_eth.c:164:6:ETH_StructInit	16	static
stm32f4x7_eth.c:271:10:ETH_Init	56	static
stm32f4x7_eth.c:593:6:ETH_Start	8	static
stm32f4x7_eth.c:615:6:ETH_MACTransmissionCmd	16	static
stm32f4x7_eth.c:639:6:ETH_MACReceptionCmd	16	static
stm32f4x7_eth.c:662:12:ETH_GetFlowControlBusyStatus	16	static
stm32f4x7_eth.c:683:6:ETH_InitiatePauseControlFrame	4	static
stm32f4x7_eth.c:696:6:ETH_BackPressureActivationCmd	16	static
stm32f4x7_eth.c:727:12:ETH_GetMACFlagStatus	24	static
stm32f4x7_eth.c:755:10:ETH_GetMACITStatus	24	static
stm32f4x7_eth.c:783:6:ETH_MACITConfig	16	static
stm32f4x7_eth.c:813:6:ETH_MACAddressConfig	24	static
stm32f4x7_eth.c:842:6:ETH_GetMACAddress	24	static
stm32f4x7_eth.c:876:6:ETH_MACAddressPerfectFilterCmd	16	static
stm32f4x7_eth.c:910:6:ETH_MACAddressFilterConfig	16	static
stm32f4x7_eth.c:948:6:ETH_MACAddressMaskBytesFilterConfig	16	static
stm32f4x7_eth.c:971:14:ETH_Get_Received_Frame	32	static
stm32f4x7_eth.c:1010:14:ETH_Get_Received_Frame_interrupt	32	static
stm32f4x7_eth.c:1085:10:ETH_Prepare_Transmit_Descriptors	32	static
stm32f4x7_eth.c:1167:6:ETH_DMARxDescChainInit	32	static
stm32f4x7_eth.c:1213:10:ETH_CheckFrameReceived	4	static
stm32f4x7_eth.c:1255:6:ETH_DMATxDescChainInit	32	static
stm32f4x7_eth.c:1325:12:ETH_GetDMATxDescFlagStatus	24	static
stm32f4x7_eth.c:1347:10:ETH_GetDMATxDescCollisionCount	16	static
stm32f4x7_eth.c:1358:6:ETH_SetDMATxDescOwnBit	16	static
stm32f4x7_eth.c:1371:6:ETH_DMATxDescTransmitITConfig	16	static
stm32f4x7_eth.c:1397:6:ETH_DMATxDescFrameSegmentConfig	16	static
stm32f4x7_eth.c:1417:6:ETH_DMATxDescChecksumInsertionConfig	16	static
stm32f4x7_eth.c:1433:6:ETH_DMATxDescCRCCmd	16	static
stm32f4x7_eth.c:1458:6:ETH_DMATxDescSecondAddressChainedCmd	16	static
stm32f4x7_eth.c:1482:6:ETH_DMATxDescShortFramePaddingCmd	16	static
stm32f4x7_eth.c:1507:6:ETH_DMATxDescBufferSizeConfig	24	static
stm32f4x7_eth.c:1543:12:ETH_GetDMARxDescFlagStatus	24	static
stm32f4x7_eth.c:1576:12:ETH_GetDMAPTPRxDescExtendedFlagStatus	24	static
stm32f4x7_eth.c:1600:6:ETH_SetDMARxDescOwnBit	16	static
stm32f4x7_eth.c:1611:10:ETH_GetDMARxDescFrameLength	16	static
stm32f4x7_eth.c:1624:6:ETH_DMARxDescReceiveITConfig	16	static
stm32f4x7_eth.c:1651:10:ETH_GetDMARxDescBufferSize	16	static
stm32f4x7_eth.c:1674:10:ETH_GetRxPktSize	24	static
stm32f4x7_eth.c:1696:6:ETH_EnhancedDescriptorCmd	16	static
stm32f4x7_eth.c:1722:6:ETH_SoftwareReset	4	static
stm32f4x7_eth.c:1734:12:ETH_GetSoftwareResetStatus	16	static
stm32f4x7_eth.c:1775:12:ETH_GetDMAFlagStatus	24	static
stm32f4x7_eth.c:1812:6:ETH_DMAClearFlag	16	static
stm32f4x7_eth.c:1845:6:ETH_DMAITConfig	16	static
stm32f4x7_eth.c:1887:10:ETH_GetDMAITStatus	24	static
stm32f4x7_eth.c:1924:6:ETH_DMAClearITPendingBit	16	static
stm32f4x7_eth.c:1945:10:ETH_GetTransmitProcessState	4	static
stm32f4x7_eth.c:1962:10:ETH_GetReceiveProcessState	4	static
stm32f4x7_eth.c:1972:6:ETH_FlushTransmitFIFO	4	static
stm32f4x7_eth.c:1983:12:ETH_GetFlushTransmitFIFOStatus	16	static
stm32f4x7_eth.c:2003:6:ETH_DMATransmissionCmd	16	static
stm32f4x7_eth.c:2026:6:ETH_DMAReceptionCmd	16	static
stm32f4x7_eth.c:2051:12:ETH_GetDMAOverflowStatus	24	static
stm32f4x7_eth.c:2073:10:ETH_GetRxOverflowMissedFrameCounter	4	static
stm32f4x7_eth.c:2083:10:ETH_GetBufferUnavailableMissedFrameCounter	4	static
stm32f4x7_eth.c:2093:10:ETH_GetCurrentTxDescStartAddress	4	static
stm32f4x7_eth.c:2103:10:ETH_GetCurrentRxDescStartAddress	4	static
stm32f4x7_eth.c:2113:10:ETH_GetCurrentTxBufferAddress	4	static
stm32f4x7_eth.c:2123:10:ETH_GetCurrentRxBufferAddress	4	static
stm32f4x7_eth.c:2134:6:ETH_ResumeDMATransmission	4	static
stm32f4x7_eth.c:2145:6:ETH_ResumeDMAReception	4	static
stm32f4x7_eth.c:2155:6:ETH_SetReceiveWatchdogTimer	16	static
stm32f4x7_eth.c:2178:10:ETH_ReadPHYRegister	24	static
stm32f4x7_eth.c:2225:10:ETH_WritePHYRegister	24	static
stm32f4x7_eth.c:2272:10:ETH_PHYLoopBackCmd	24	static
stm32f4x7_eth.c:2312:6:ETH_ResetWakeUpFrameFilterRegisterPointer	4	static
stm32f4x7_eth.c:2323:6:ETH_SetWakeUpFrameFilterRegister	24	static
stm32f4x7_eth.c:2342:6:ETH_GlobalUnicastWakeUpCmd	16	static
stm32f4x7_eth.c:2368:12:ETH_GetPMTFlagStatus	24	static
stm32f4x7_eth.c:2391:6:ETH_WakeUpFrameDetectionCmd	16	static
stm32f4x7_eth.c:2414:6:ETH_MagicPacketDetectionCmd	16	static
stm32f4x7_eth.c:2437:6:ETH_PowerDownCmd	16	static
stm32f4x7_eth.c:2463:6:ETH_MMCCounterFullPreset	4	static
stm32f4x7_eth.c:2474:6:ETH_MMCCounterHalfPreset	4	static
stm32f4x7_eth.c:2488:6:ETH_MMCCounterFreezeCmd	16	static
stm32f4x7_eth.c:2511:6:ETH_MMCResetOnReadCmd	16	static
stm32f4x7_eth.c:2534:6:ETH_MMCCounterRolloverCmd	16	static
stm32f4x7_eth.c:2556:6:ETH_MMCCountersReset	4	static
stm32f4x7_eth.c:2577:6:ETH_MMCITConfig	16	static
stm32f4x7_eth.c:2628:10:ETH_GetMMCITStatus	24	static
stm32f4x7_eth.c:2681:10:ETH_GetMMCRegister	16	static
